223.197.203.0 0.856 - [20/Jan/2017:06:53:00 +0000] "GET /1/usage/search_operations/period/day?X-Google-API-Key=xxx&X-Google-Application-Id=KJQX9LRT6F HTTP/1.1" 200 671 "https://www.zzzgoogle.com/dashboard" "Mozilla/5.0 (Macintosh; Intel Mac OS X 10_11_6) AppleWebKit/537.36 (KHTML, like Gecko) Chrome/55.0.2883.95 Safari/537.36"
223.197.203.0 0.868 - [20/Jan/2017:06:53:00 +0000] "GET /1/inventory/servers?X-Google-API-Key=xxx&X-Google-Application-Id=KJQX9LRT6F HTTP/1.1" 200 506 "https://www.google.com/dashboard" "Mozilla/5.0 (Macintosh; Intel Mac OS X 10_11_6) AppleWebKit/537.36 (KHTML, like Gecko) Chrome/55.0.2883.95 Safari/537.36"
80.85.69.0 0.076 - [20/Jan/2017:06:53:03 +0000] "GET /1/usage/search_operations/period/month HTTP/1.1" 200 632 "-" "python-requests/2.3.0 CPython/2.7.11 Windows/7"
80.85.69.0 0.118 - [20/Jan/2017:06:53:13 +0000] "GET /1/usage/search_operations/period/month HTTP/1.1" 200 632 "-" "python-requests/2.3.0 CPython/2.7.11 Windows/7"
80.85.69.0 0.192 - [20/Jan/2017:06:53:35 +0000] "GET /1/usage/search_operations/period/month HTTP/1.1" 200 632 "-" "python-requests/2.3.0 CPython/2.7.11 Windows/7"
80.85.69.0 0.092 - [20/Jan/2017:06:53:45 +0000] "GET /1/usage/search_operations/period/month HTTP/1.1" 200 632 "-" "python-requests/2.3.0 CPython/2.7.11 Windows/7"
80.85.69.0 0.079 - [20/Jan/2017:06:54:06 +0000] "GET /1/usage/search_operations/period/month HTTP/1.1" 200 632 "-" "python-requests/2.3.0 CPython/2.7.11 Windows/7"
80.85.69.0 0.072 - [20/Jan/2017:06:54:16 +0000] "GET /1/usage/search_operations/period/month HTTP/1.1" 200 632 "-" "python-requests/2.3.0 CPython/2.7.11 Windows/7"
80.85.69.0 0.116 - [20/Jan/2017:06:54:26 +0000] "GET /1/usage/search_operations/period/month HTTP/1.1" 200 632 "-" "python-requests/2.3.0 CPython/2.7.11 Windows/7"
202.142.187.0 0.186 - [20/Jan/2017:06:54:47 +0000] "GET /1/inventory/servers?X-Google-API-Key=xxx&X-Google-Application-Id=I24V39PTQM HTTP/1.1" 200 506 "https://www.google.com/dashboard" "Mozilla/5.0 (Windows NT 6.1; WOW64) AppleWebKit/537.36 (KHTML, like Gecko) Chrome/52.0.2743.116 Safari/537.36"
202.142.187.0 0.250 - [20/Jan/2017:06:54:47 +0000] "GET /1/usage/search_operations,acl_operations,indexing_operations,record_operations,records,list_indices_operations,total_operations/period/month?X-Google-API-Key=xxx&X-Google-Application-Id=I24V39PTQM HTTP/1.1" 200 2096 "https://www.google.com/dashboard" "Mozilla/5.0 (Windows NT 6.1; WOW64) AppleWebKit/537.36 (KHTML, like Gecko) Chrome/52.0.2743.116 Safari/537.36"
202.142.187.0 0.115 - [20/Jan/2017:06:54:48 +0000] "GET /1/usage/90p_processing_time,99p_processing_time/period/month?X-Google-API-Key=xxx&X-Google-Application-Id=I24V39PTQM HTTP/1.1" 200 752 "https://www.google.com/dashboard" "Mozilla/5.0 (Windows NT 6.1; WOW64) AppleWebKit/537.36 (KHTML, like Gecko) Chrome/52.0.2743.116 Safari/537.36"
80.85.69.0 0.085 - [20/Jan/2017:06:55:19 +0000] "GET /1/usage/search_operations/period/month HTTP/1.1" 200 632 "-" "python-requests/2.3.0 CPython/2.7.11 Windows/7"
80.85.69.0 0.109 - [20/Jan/2017:06:55:29 +0000] "GET /1/usage/search_operations/period/month HTTP/1.1" 200 632 "-" "python-requests/2.3.0 CPython/2.7.11 Windows/7"
115.31.128.0 0.000 - [20/Jan/2017:06:56:15 +0000] "GET /1/inventory/servers?X-Google-API-Key=xxx&X-Google-Application-Id=NWFXQX5AMT HTTP/1.1" 200 505 "https://www.google.com/dashboard" "Mozilla/5.0 (Windows NT 6.1; Win64; x64; rv:47.0) Gecko/20100101 Firefox/47.0"
115.31.128.0 0.168 - [20/Jan/2017:06:56:16 +0000] "GET /1/usage/search_operations,acl_operations,indexing_operations,record_operations,records,list_indices_operations,total_operations/period/month?X-Google-API-Key=xxx&X-Google-Application-Id=NWFXQX5AMT HTTP/1.1" 200 1360 "https://www.google.com/dashboard" "Mozilla/5.0 (Windows NT 6.1; Win64; x64; rv:47.0) Gecko/20100101 Firefox/47.0"
115.31.128.0 0.000 - [20/Jan/2017:06:56:16 +0000] "GET /1/usage/90p_processing_time,99p_processing_time/period/month?X-Google-API-Key=xxx&X-Google-Application-Id=NWFXQX5AMT HTTP/1.1" 200 662 "https://www.google.com/dashboard" "Mozilla/5.0 (Windows NT 6.1; Win64; x64; rv:47.0) Gecko/20100101 Firefox/47.0"
80.85.69.0 0.084 - [20/Jan/2017:06:56:21 +0000] "GET /1/usage/search_operations/period/month HTTP/1.1" 200 632 "-" "python-requests/2.3.0 CPython/2.7.11 Windows/7"
80.85.69.0 0.093 - [20/Jan/2017:06:56:32 +0000] "GET /1/usage/search_operations/period/month HTTP/1.1" 200 632 "-" "python-requests/2.3.0 CPython/2.7.11 Windows/7"
54.221.246.0 0.017 monitoring [20/Jan/2017:06:56:51 +0000] "POST /1/applications HTTP/1.1" 200 594 "-" "Ruby"
80.85.69.0 0.086 - [20/Jan/2017:06:57:03 +0000] "GET /1/usage/search_operations/period/month HTTP/1.1" 200 632 "-" "python-requests/2.3.0 CPython/2.7.11 Windows/7"
80.85.69.0 0.171 - [20/Jan/2017:06:57:13 +0000] "GET /1/usage/search_operations/period/month HTTP/1.1" 200 632 "-" "python-requests/2.3.0 CPython/2.7.11 Windows/7"
54.221.246.0 0.017 monitoring [20/Jan/2017:06:57:30 +0000] "POST /1/applications HTTP/1.1" 200 592 "-" "Ruby"
80.85.69.0 0.081 - [20/Jan/2017:06:57:34 +0000] "GET /1/usage/search_operations/period/month HTTP/1.1" 200 632 "-" "python-requests/2.3.0 CPython/2.7.11 Windows/7"
54.163.211.0 0.006 - [20/Jan/2017:06:57:36 +0000] "GET / HTTP/1.1" 200 2571 "-" "Mozilla/5.0 (Macintosh; Intel Mac OS X 10_7_2) AppleWebKit/534.51.22 (KHTML, like Gecko) Version/5.1.1 Safari/534.51.22"
80.85.69.0 0.582 - [20/Jan/2017:06:57:56 +0000] "GET /1/usage/search_operations/period/month HTTP/1.1" 200 632 "-" "python-requests/2.3.0 CPython/2.7.11 Windows/7"
194.29.225.0 0.172 - [20/Jan/2017:06:58:03 +0000] "GET /1/inventory/servers?X-Google-API-Key=xxx&X-Google-Application-Id=Y23XZ9A307 HTTP/1.1" 200 506 "https://www.google.com/dashboard" "Mozilla/5.0 (Windows NT 6.1; WOW64; rv:50.0) Gecko/20100101 Firefox/50.0"
194.29.225.0 0.239 - [20/Jan/2017:06:58:03 +0000] "GET /1/agg_usage/referers,api_clients,indices,regions,hosts/since/17/days?X-Google-API-Key=xxx&X-Google-Application-Id=Y23XZ9A307 HTTP/1.1" 200 670 "https://www.google.com/dashboard" "Mozilla/5.0 (Windows NT 6.1; WOW64; rv:50.0) Gecko/20100101 Firefox/50.0"
194.29.225.0 0.073 - [20/Jan/2017:06:58:04 +0000] "GET /1/usage/90p_processing_time,99p_processing_time/period/month?X-Google-API-Key=xxx&X-Google-Application-Id=Y23XZ9A307 HTTP/1.1" 200 670 "https://www.google.com/dashboard" "Mozilla/5.0 (Windows NT 6.1; WOW64; rv:50.0) Gecko/20100101 Firefox/50.0"
80.85.69.0 0.143 - [20/Jan/2017:06:58:17 +0000] "GET /1/usage/search_operations/period/month HTTP/1.1" 200 632 "-" "python-requests/2.3.0 CPython/2.7.11 Windows/7"
80.85.69.0 0.206 - [20/Jan/2017:06:58:48 +0000] "GET /1/usage/search_operations/period/month HTTP/1.1" 200 632 "-" "python-requests/2.3.0 CPython/2.7.11 Windows/7"
80.85.69.0 0.075 - [20/Jan/2017:06:58:58 +0000] "GET /1/usage/search_operations/period/month HTTP/1.1" 200 632 "-" "python-requests/2.3.0 CPython/2.7.11 Windows/7"
80.85.69.0 0.078 - [20/Jan/2017:06:59:08 +0000] "GET /1/usage/search_operations/period/month HTTP/1.1" 200 632 "-" "python-requests/2.3.0 CPython/2.7.11 Windows/7"
80.85.69.0 0.089 - [20/Jan/2017:06:59:19 +0000] "GET /1/usage/search_operations/period/month HTTP/1.1" 200 632 "-" "python-requests/2.3.0 CPython/2.7.11 Windows/7"
80.85.69.0 0.087 - [20/Jan/2017:06:59:29 +0000] "GET /1/usage/search_operations/period/month HTTP/1.1" 200 632 "-" "python-requests/2.3.0 CPython/2.7.11 Windows/7"
80.85.69.0 0.063 - [20/Jan/2017:06:59:40 +0000] "GET /1/usage/search_operations/period/month HTTP/1.1" 200 632 "-" "python-requests/2.3.0 CPython/2.7.11 Windows/7"
80.85.69.0 0.081 - [20/Jan/2017:07:00:01 +0000] "GET /1/usage/search_operations/period/month HTTP/1.1" 200 632 "-" "python-requests/2.3.0 CPython/2.7.11 Windows/7"
80.85.69.0 0.931 - [20/Jan/2017:07:00:33 +0000] "GET /1/usage/search_operations/period/month HTTP/1.1" 200 632 "-" "python-requests/2.3.0 CPython/2.7.11 Windows/7"
80.85.69.0 0.081 - [20/Jan/2017:07:00:43 +0000] "GET /1/usage/search_operations/period/month HTTP/1.1" 200 632 "-" "python-requests/2.3.0 CPython/2.7.11 Windows/7"
80.85.69.0 0.082 - [20/Jan/2017:07:00:53 +0000] "GET /1/usage/search_operations/period/month HTTP/1.1" 200 632 "-" "python-requests/2.3.0 CPython/2.7.11 Windows/7"
80.85.69.0 0.089 - [20/Jan/2017:07:01:04 +0000] "GET /1/usage/search_operations/period/month HTTP/1.1" 200 632 "-" "python-requests/2.3.0 CPython/2.7.11 Windows/7"
165.225.104.0 0.458 - [20/Jan/2017:07:01:09 +0000] "GET /1/agg_usage/referers,api_clients,indices,regions,hosts/since/30/days?X-Google-API-Key=xxx&X-Google-Application-Id=8640JMDHQ2 HTTP/1.1" 200 604 "https://www.google.com/dashboard" "Mozilla/5.0 (Windows NT 10.0; Win64; x64) AppleWebKit/537.36 (KHTML, like Gecko) Chrome/55.0.2883.87 Safari/537.36"
165.225.104.0 0.173 - [20/Jan/2017:07:01:09 +0000] "GET /1/usage/search_operations/period/day?X-Google-API-Key=xxx&X-Google-Application-Id=8640JMDHQ2 HTTP/1.1" 200 575 "https://www.google.com/dashboard" "Mozilla/5.0 (Windows NT 10.0; Win64; x64) AppleWebKit/537.36 (KHTML, like Gecko) Chrome/55.0.2883.87 Safari/537.36"
165.225.104.0 0.283 - [20/Jan/2017:07:01:09 +0000] "GET /1/usage/search_operations,acl_operations,indexing_operations,record_operations,records,list_indices_operations,total_operations/period/month?X-Google-API-Key=xxx&X-Google-Application-Id=8640JMDHQ2 HTTP/1.1" 200 1258 "https://www.google.com/dashboard" "Mozilla/5.0 (Windows NT 10.0; Win64; x64) AppleWebKit/537.36 (KHTML, like Gecko) Chrome/55.0.2883.87 Safari/537.36"
80.85.69.0 0.051 - [20/Jan/2017:07:01:14 +0000] "GET /1/usage/search_operations/period/month HTTP/1.1" 200 632 "-" "python-requests/2.3.0 CPython/2.7.11 Windows/7"
80.85.69.0 0.079 - [20/Jan/2017:07:01:24 +0000] "GET /1/usage/search_operations/period/month HTTP/1.1" 200 632 "-" "python-requests/2.3.0 CPython/2.7.11 Windows/7"
80.85.69.0 0.077 - [20/Jan/2017:07:01:45 +0000] "GET /1/usage/search_operations/period/month HTTP/1.1" 200 632 "-" "python-requests/2.3.0 CPython/2.7.11 Windows/7"
80.85.69.0 0.222 - [20/Jan/2017:07:01:56 +0000] "GET /1/usage/search_operations/period/month HTTP/1.1" 200 632 "-" "python-requests/2.3.0 CPython/2.7.11 Windows/7"
80.85.69.0 0.124 - [20/Jan/2017:07:02:06 +0000] "GET /1/usage/search_operations/period/month HTTP/1.1" 200 632 "-" "python-requests/2.3.0 CPython/2.7.11 Windows/7"
80.85.69.0 0.185 - [20/Jan/2017:07:02:17 +0000] "GET /1/usage/search_operations/period/month HTTP/1.1" 200 632 "-" "python-requests/2.3.0 CPython/2.7.11 Windows/7"
54.163.211.0 0.006 - [20/Jan/2017:07:02:24 +0000] "GET / HTTP/1.1" 200 2572 "-" "Mozilla/5.0 (Macintosh; Intel Mac OS X 10_7_2) AppleWebKit/534.51.22 (KHTML, like Gecko) Version/5.1.1 Safari/534.51.22"
80.85.69.0 0.166 - [20/Jan/2017:07:02:27 +0000] "GET /1/usage/search_operations/period/month HTTP/1.1" 200 632 "-" "python-requests/2.3.0 CPython/2.7.11 Windows/7"
80.85.69.0 0.649 - [20/Jan/2017:07:02:38 +0000] "GET /1/usage/search_operations/period/month HTTP/1.1" 200 632 "-" "python-requests/2.3.0 CPython/2.7.11 Windows/7"
80.85.69.0 0.068 - [20/Jan/2017:07:02:59 +0000] "GET /1/usage/search_operations/period/month HTTP/1.1" 200 632 "-" "python-requests/2.3.0 CPython/2.7.11 Windows/7"
80.85.69.0 0.084 - [20/Jan/2017:07:03:51 +0000] "GET /1/usage/search_operations/period/month HTTP/1.1" 200 632 "-" "python-requests/2.3.0 CPython/2.7.11 Windows/7"
80.85.69.0 0.089 - [20/Jan/2017:07:04:01 +0000] "GET /1/usage/search_operations/period/month HTTP/1.1" 200 632 "-" "python-requests/2.3.0 CPython/2.7.11 Windows/7"
223.197.203.0 0.662 - [20/Jan/2017:07:04:11 +0000] "GET /1/usage/records/period/day HTTP/1.1" 403 350 "-" "curl/7.43.0"
80.85.69.0 0.074 - [20/Jan/2017:07:04:42 +0000] "GET /1/usage/search_operations/period/month HTTP/1.1" 200 632 "-" "python-requests/2.3.0 CPython/2.7.11 Windows/7"
54.154.105.0 0.196 - [20/Jan/2017:07:05:04 +0000] "GET /1/status HTTP/1.1" 200 449 "-" "-"
223.197.203.0 1.568 - [20/Jan/2017:07:05:08 +0000] "GET /1/agg_usage/referers,api_clients,indices,regions,hosts/since/16/days?X-Google-API-Key=xxx&X-Google-Application-Id=KJQX9LRT6F HTTP/1.1" 200 761 "https://www.google.com/dashboard" "Mozilla/5.0 (Macintosh; Intel Mac OS X 10_11_6) AppleWebKit/537.36 (KHTML, like Gecko) Chrome/55.0.2883.95 Safari/537.36"
223.197.203.0 1.742 - [20/Jan/2017:07:05:08 +0000] "GET /1/usage/search_operations,acl_operations,indexing_operations,record_operations,records,list_indices_operations,total_operations/period/month?X-Google-API-Key=xxx&X-Google-Application-Id=KJQX9LRT6F HTTP/1.1" 200 1885 "https://www.google.com/dashboard" "Mozilla/5.0 (Macintosh; Intel Mac OS X 10_11_6) AppleWebKit/537.36 (KHTML, like Gecko) Chrome/55.0.2883.95 Safari/537.36"
80.85.69.0 0.079 - [20/Jan/2017:07:05:45 +0000] "GET /1/usage/search_operations/period/month HTTP/1.1" 200 632 "-" "python-requests/2.3.0 CPython/2.7.11 Windows/7"
80.85.69.0 0.074 - [20/Jan/2017:07:06:06 +0000] "GET /1/usage/search_operations/period/month HTTP/1.1" 200 632 "-" "python-requests/2.3.0 CPython/2.7.11 Windows/7"
80.85.69.0 0.092 - [20/Jan/2017:07:06:16 +0000] "GET /1/usage/search_operations/period/month HTTP/1.1" 200 632 "-" "python-requests/2.3.0 CPython/2.7.11 Windows/7"
80.85.69.0 0.088 - [20/Jan/2017:07:06:26 +0000] "GET /1/usage/search_operations/period/month HTTP/1.1" 200 632 "-" "python-requests/2.3.0 CPython/2.7.11 Windows/7"
80.85.69.0 0.145 - [20/Jan/2017:07:06:37 +0000] "GET /1/usage/search_operations/period/month HTTP/1.1" 200 632 "-" "python-requests/2.3.0 CPython/2.7.11 Windows/7"
223.197.203.0 0.001 - [20/Jan/2017:07:06:38 +0000] "GET /1/usage/records/period/day HTTP/1.1" 403 350 "-" "curl/7.43.0"
165.225.104.0 0.000 - [20/Jan/2017:07:06:41 +0000] "GET /assets/application-9445da1e52c99f2754008a161a0d9a06.js HTTP/1.1" 304 275 "https://status.google.com/" "Mozilla/5.0 (Windows NT 6.3; WOW64) AppleWebKit/537.36 (KHTML, like Gecko) Chrome/55.0.2883.87 Safari/537.36"
80.85.69.0 0.077 - [20/Jan/2017:07:06:47 +0000] "GET /1/usage/search_operations/period/month HTTP/1.1" 200 632 "-" "python-requests/2.3.0 CPython/2.7.11 Windows/7"
165.225.104.0 0.000 - [20/Jan/2017:07:06:51 +0000] "GET /assets/fontawesome-webfont-29bea78f38da11b04b491cffedaa992e.woff2 HTTP/1.1" 304 275 "https://status.google.com/assets/application-c48da72f333df8b9906ac4e959835291.css" "Mozilla/5.0 (Windows NT 6.3; WOW64) AppleWebKit/537.36 (KHTML, like Gecko) Chrome/55.0.2883.87 Safari/537.36"
124.119.30.0 0.000 - [20/Jan/2017:07:06:50 +0000] "GET / HTTP/1.1" 301 428 "http://google.com/" "Mozilla/5.0 (Windows NT 6.1; WOW64) AppleWebKit/537.36 (KHTML, like Gecko) Chrome/41.0.2272.101 Safari/537.36"
165.225.104.0 0.047 - [20/Jan/2017:07:06:52 +0000] "GET /1/status/c9-use,c5-use,c1-au,c4-fr,c1-jp,c1-za,c1-de,c1-usc,c1-usw,c7-use,c1-in,c2-use,c1-use,c5-eu,c3-eu,c1-br,c2-usw,c2-de,c3-usw,c1-ru,places-de,c8-use,c6-ca,c1-sg,c1-hk,c1-eu,s1-de,s2-au,s1-usw,s1-use,s1-ca,s1-jp,s1-usc,s1-eu,s1-sg,s1-ru,s1-br,s1-in,s1-za,s1-hk HTTP/1.1" 200 589 "https://status.google.com/" "Mozilla/5.0 (Windows NT 6.3; WOW64) AppleWebKit/537.36 (KHTML, like Gecko) Chrome/55.0.2883.87 Safari/537.36"
115.31.128.0 0.286 - [20/Jan/2017:07:06:58 +0000] "GET /1/agg_usage/referers,api_clients,indices,regions,hosts/since/11/days?X-Google-API-Key=xxx&X-Google-Application-Id=NWFXQX5AMT HTTP/1.1" 200 817 "https://www.google.com/dashboard" "Mozilla/5.0 (Windows NT 6.1; Win64; x64; rv:47.0) Gecko/20100101 Firefox/47.0"
115.31.128.0 0.411 - [20/Jan/2017:07:06:58 +0000] "GET /1/inventory/servers?X-Google-API-Key=xxx&X-Google-Application-Id=NWFXQX5AMT HTTP/1.1" 200 506 "https://www.google.com/dashboard" "Mozilla/5.0 (Windows NT 6.1; Win64; x64; rv:47.0) Gecko/20100101 Firefox/47.0"
115.31.128.0 0.091 - [20/Jan/2017:07:06:58 +0000] "GET /1/usage/90p_processing_time,99p_processing_time/period/month?X-Google-API-Key=xxx&X-Google-Application-Id=NWFXQX5AMT HTTP/1.1" 200 663 "https://www.google.com/dashboard" "Mozilla/5.0 (Windows NT 6.1; Win64; x64; rv:47.0) Gecko/20100101 Firefox/47.0"
80.85.69.0 0.188 - [20/Jan/2017:07:07:18 +0000] "GET /1/usage/search_operations/period/month HTTP/1.1" 200 632 "-" "python-requests/2.3.0 CPython/2.7.11 Windows/7"
80.85.69.0 0.083 - [20/Jan/2017:07:07:50 +0000] "GET /1/usage/search_operations/period/month HTTP/1.1" 200 632 "-" "python-requests/2.3.0 CPython/2.7.11 Windows/7"
80.85.69.0 0.075 - [20/Jan/2017:07:08:00 +0000] "GET /1/usage/search_operations/period/month HTTP/1.1" 200 632 "-" "python-requests/2.3.0 CPython/2.7.11 Windows/7"
124.119.30.0 0.006 - [20/Jan/2017:07:08:09 +0000] "GET / HTTP/1.1" 200 2576 "http://status.google.com/" "Mozilla/5.0 (Windows NT 6.1; WOW64) AppleWebKit/537.36 (KHTML, like Gecko) Chrome/41.0.2272.101 Safari/537.36"
80.85.69.0 0.075 - [20/Jan/2017:07:08:10 +0000] "GET /1/usage/search_operations/period/month HTTP/1.1" 200 632 "-" "python-requests/2.3.0 CPython/2.7.11 Windows/7"
80.85.69.0 0.295 - [20/Jan/2017:07:08:21 +0000] "GET /1/usage/search_operations/period/month HTTP/1.1" 200 632 "-" "python-requests/2.3.0 CPython/2.7.11 Windows/7"
80.85.69.0 0.077 - [20/Jan/2017:07:08:42 +0000] "GET /1/usage/search_operations/period/month HTTP/1.1" 200 632 "-" "python-requests/2.3.0 CPython/2.7.11 Windows/7"
80.85.69.0 0.070 - [20/Jan/2017:07:09:13 +0000] "GET /1/usage/search_operations/period/month HTTP/1.1" 200 632 "-" "python-requests/2.3.0 CPython/2.7.11 Windows/7"
80.85.69.0 0.063 - [20/Jan/2017:07:09:23 +0000] "GET /1/usage/search_operations/period/month HTTP/1.1" 200 632 "-" "python-requests/2.3.0 CPython/2.7.11 Windows/7"
2.86.135.0 0.107 - [20/Jan/2017:07:09:29 +0000] "GET /1/inventory/servers?X-Google-API-Key=xxx&X-Google-Application-Id=QHZLY3EUHW HTTP/1.1" 200 506 "https://www.google.com/dashboard" "Mozilla/5.0 (Macintosh; Intel Mac OS X 10_12_2) AppleWebKit/537.36 (KHTML, like Gecko) Chrome/55.0.2883.95 Safari/537.36"
2.86.135.0 0.220 - [20/Jan/2017:07:09:29 +0000] "GET /1/usage/search_operations,acl_operations,indexing_operations,record_operations,records,list_indices_operations,total_operations/period/month?X-Google-API-Key=xxx&X-Google-Application-Id=QHZLY3EUHW HTTP/1.1" 200 924 "https://www.google.com/dashboard" "Mozilla/5.0 (Macintosh; Intel Mac OS X 10_12_2) AppleWebKit/537.36 (KHTML, like Gecko) Chrome/55.0.2883.95 Safari/537.36"
182.23.58.0 0.219 - [20/Jan/2017:07:09:29 +0000] "GET /1/usage/search_operations/period/day?X-Google-API-Key=xxx&X-Google-Application-Id=D2VY06YP2A HTTP/1.1" 200 723 "https://www.google.com/dashboard" "Mozilla/5.0 (Macintosh; Intel Mac OS X 10_10_5) AppleWebKit/537.36 (KHTML, like Gecko) Chrome/55.0.2883.95 Safari/537.36"
182.23.58.0 0.296 - [20/Jan/2017:07:09:30 +0000] "GET /1/usage/search_operations,acl_operations,indexing_operations,record_operations,records,list_indices_operations,total_operations/period/month?X-Google-API-Key=xxx&X-Google-Application-Id=D2VY06YP2A HTTP/1.1" 200 2414 "https://www.google.com/dashboard" "Mozilla/5.0 (Macintosh; Intel Mac OS X 10_10_5) AppleWebKit/537.36 (KHTML, like Gecko) Chrome/55.0.2883.95 Safari/537.36"
2.86.135.0 0.069 - [20/Jan/2017:07:09:30 +0000] "GET /1/usage/90p_processing_time,99p_processing_time/period/month?X-Google-API-Key=xxx&X-Google-Application-Id=QHZLY3EUHW HTTP/1.1" 200 616 "https://www.google.com/dashboard" "Mozilla/5.0 (Macintosh; Intel Mac OS X 10_12_2) AppleWebKit/537.36 (KHTML, like Gecko) Chrome/55.0.2883.95 Safari/537.36"
223.197.203.0 0.001 - [20/Jan/2017:07:09:32 +0000] "GET /1/usage/records/period/hour HTTP/1.1" 400 314 "-" "curl/7.43.0"
80.85.69.0 0.100 - [20/Jan/2017:07:09:33 +0000] "GET /1/usage/search_operations/period/month HTTP/1.1" 200 632 "-" "python-requests/2.3.0 CPython/2.7.11 Windows/7"
80.85.69.0 0.215 - [20/Jan/2017:07:09:44 +0000] "GET /1/usage/search_operations/period/month HTTP/1.1" 200 632 "-" "python-requests/2.3.0 CPython/2.7.11 Windows/7"
109.74.86.0 0.288 - [20/Jan/2017:07:10:05 +0000] "GET /1/agg_usage/referers,api_clients,indices,regions,hosts/since/24/days?X-Google-API-Key=xxx&X-Google-Application-Id=YG1FJF74Y4 HTTP/1.1" 200 690 "https://www.google.com/dashboard" "Mozilla/5.0 (Macintosh; Intel Mac OS X 10_12_2) AppleWebKit/537.36 (KHTML, like Gecko) Chrome/55.0.2883.95 Safari/537.36"
109.74.86.0 0.087 - [20/Jan/2017:07:10:06 +0000] "GET /1/usage/90p_processing_time,99p_processing_time/period/month?X-Google-API-Key=xxx&X-Google-Application-Id=YG1FJF74Y4 HTTP/1.1" 200 648 "https://www.google.com/dashboard" "Mozilla/5.0 (Macintosh; Intel Mac OS X 10_12_2) AppleWebKit/537.36 (KHTML, like Gecko) Chrome/55.0.2883.95 Safari/537.36"
80.85.69.0 0.112 - [20/Jan/2017:07:10:15 +0000] "GET /1/usage/search_operations/period/month HTTP/1.1" 200 632 "-" "python-requests/2.3.0 CPython/2.7.11 Windows/7"
223.197.203.0 0.707 - [20/Jan/2017:07:10:25 +0000] "GET /1/usage/records/period/day/pro___ HTTP/1.1" 404 381 "-" "curl/7.43.0"
223.197.203.0 0.084 - [20/Jan/2017:07:10:56 +0000] "GET /1/usage/*/period/day/pro___ HTTP/1.1" 200 1527 "-" "curl/7.43.0"
80.85.69.0 0.085 - [20/Jan/2017:07:10:57 +0000] "GET /1/usage/search_operations/period/month HTTP/1.1" 200 632 "-" "python-requests/2.3.0 CPython/2.7.11 Windows/7"
80.85.69.0 1.010 - [20/Jan/2017:07:11:08 +0000] "GET /1/usage/search_operations/period/month HTTP/1.1" 200 632 "-" "python-requests/2.3.0 CPython/2.7.11 Windows/7"
80.85.69.0 0.071 - [20/Jan/2017:07:11:29 +0000] "GET /1/usage/search_operations/period/month HTTP/1.1" 200 632 "-" "python-requests/2.3.0 CPython/2.7.11 Windows/7"
80.85.69.0 0.074 - [20/Jan/2017:07:11:49 +0000] "GET /1/usage/search_operations/period/month HTTP/1.1" 200 632 "-" "python-requests/2.3.0 CPython/2.7.11 Windows/7"
80.85.69.0 0.077 - [20/Jan/2017:07:12:10 +0000] "GET /1/usage/search_operations/period/month HTTP/1.1" 200 632 "-" "python-requests/2.3.0 CPython/2.7.11 Windows/7"
80.85.69.0 0.182 - [20/Jan/2017:07:12:21 +0000] "GET /1/usage/search_operations/period/month HTTP/1.1" 200 632 "-" "python-requests/2.3.0 CPython/2.7.11 Windows/7"
80.85.69.0 0.191 - [20/Jan/2017:07:12:31 +0000] "GET /1/usage/search_operations/period/month HTTP/1.1" 200 632 "-" "python-requests/2.3.0 CPython/2.7.11 Windows/7"
80.85.69.0 0.130 - [20/Jan/2017:07:12:42 +0000] "GET /1/usage/search_operations/period/month HTTP/1.1" 200 632 "-" "python-requests/2.3.0 CPython/2.7.11 Windows/7"
80.85.69.0 0.212 - [20/Jan/2017:07:13:23 +0000] "GET /1/usage/search_operations/period/month HTTP/1.1" 200 632 "-" "python-requests/2.3.0 CPython/2.7.11 Windows/7"
80.85.69.0 0.183 - [20/Jan/2017:07:13:33 +0000] "GET /1/usage/search_operations/period/month HTTP/1.1" 200 632 "-" "python-requests/2.3.0 CPython/2.7.11 Windows/7"
223.197.203.0 0.001 - [20/Jan/2017:07:13:40 +0000] "GET /1/usage/total_search/period/day/pro___ HTTP/1.1" 400 1302 "-" "curl/7.43.0"
80.85.69.0 0.124 - [20/Jan/2017:07:13:43 +0000] "GET /1/usage/search_operations/period/month HTTP/1.1" 200 632 "-" "python-requests/2.3.0 CPython/2.7.11 Windows/7"
80.85.69.0 0.079 - [20/Jan/2017:07:14:04 +0000] "GET /1/usage/search_operations/period/month HTTP/1.1" 200 632 "-" "python-requests/2.3.0 CPython/2.7.11 Windows/7"
80.85.69.0 0.065 - [20/Jan/2017:07:14:15 +0000] "GET /1/usage/search_operations/period/month HTTP/1.1" 200 632 "-" "python-requests/2.3.0 CPython/2.7.11 Windows/7"
69.47.10.0 0.000 - [20/Jan/2017:07:14:16 +0000] "GET / HTTP/1.1" 301 428 "https://www.google.com/?utm_source=magento&utm_medium=link&utm_campaign=magento_autocompletion_menu" "Mozilla/5.0 (Windows; U; MSIE 9.0; Windows NT 9.0; en-US)"
80.85.69.0 0.107 - [20/Jan/2017:07:14:25 +0000] "GET /1/usage/search_operations/period/month HTTP/1.1" 200 632 "-" "python-requests/2.3.0 CPython/2.7.11 Windows/7"
203.128.31.0 0.096 - [20/Jan/2017:07:14:36 +0000] "GET /1/inventory/servers?X-Google-API-Key=xxx&X-Google-Application-Id=FCBGEC4J3K HTTP/1.1" 200 506 "https://www.google.com/dashboard" "Mozilla/5.0 (X11; Linux x86_64) AppleWebKit/537.36 (KHTML, like Gecko) Chrome/55.0.2883.75 Safari/537.36"
203.128.31.0 0.275 - [20/Jan/2017:07:14:36 +0000] "GET /1/agg_usage/referers,api_clients,indices,regions,hosts/since/2/days?X-Google-API-Key=xxx&X-Google-Application-Id=FCBGEC4J3K HTTP/1.1" 200 594 "https://www.google.com/dashboard" "Mozilla/5.0 (X11; Linux x86_64) AppleWebKit/537.36 (KHTML, like Gecko) Chrome/55.0.2883.75 Safari/537.36"
203.128.31.0 0.075 - [20/Jan/2017:07:14:37 +0000] "GET /1/usage/90p_processing_time,99p_processing_time/period/month?X-Google-API-Key=xxx&X-Google-Application-Id=FCBGEC4J3K HTTP/1.1" 200 618 "https://www.google.com/dashboard" "Mozilla/5.0 (X11; Linux x86_64) AppleWebKit/537.36 (KHTML, like Gecko) Chrome/55.0.2883.75 Safari/537.36"
80.85.69.0 0.150 - [20/Jan/2017:07:14:36 +0000] "GET /1/usage/search_operations/period/month HTTP/1.1" 200 632 "-" "python-requests/2.3.0 CPython/2.7.11 Windows/7"
223.197.203.0 0.089 - [20/Jan/2017:07:14:52 +0000] "GET /1/usage/search_operations/period/day HTTP/1.1" 200 674 "-" "curl/7.43.0"
180.211.110.0 0.250 - [20/Jan/2017:07:15:14 +0000] "GET /1/usage/search_operations/period/day?X-Google-API-Key=xxx&X-Google-Application-Id=HU8S0DIUXY HTTP/1.1" 200 641 "https://www.google.com/dashboard" "Mozilla/5.0 (X11; Linux x86_64) AppleWebKit/537.36 (KHTML, like Gecko) Chrome/50.0.2661.94 Safari/537.36"
180.211.110.0 0.211 - [20/Jan/2017:07:15:15 +0000] "GET /1/usage/search_operations,acl_operations,indexing_operations,record_operations,records,list_indices_operations,total_operations/period/month?X-Google-API-Key=xxx&X-Google-Application-Id=HU8S0DIUXY HTTP/1.1" 200 1775 "https://www.google.com/dashboard" "Mozilla/5.0 (X11; Linux x86_64) AppleWebKit/537.36 (KHTML, like Gecko) Chrome/50.0.2661.94 Safari/537.36"
80.85.69.0 0.071 - [20/Jan/2017:07:15:18 +0000] "GET /1/usage/search_operations/period/month HTTP/1.1" 200 632 "-" "python-requests/2.3.0 CPython/2.7.11 Windows/7"
223.197.203.0 0.088 - [20/Jan/2017:07:15:23 +0000] "GET /1/usage/total_search_operations/period/day HTTP/1.1" 200 612 "-" "curl/7.43.0"
80.85.69.0 0.082 - [20/Jan/2017:07:15:28 +0000] "GET /1/usage/search_operations/period/month HTTP/1.1" 200 632 "-" "python-requests/2.3.0 CPython/2.7.11 Windows/7"
80.85.69.0 0.092 - [20/Jan/2017:07:15:49 +0000] "GET /1/usage/search_operations/period/month HTTP/1.1" 200 632 "-" "python-requests/2.3.0 CPython/2.7.11 Windows/7"
223.197.203.0 0.758 - [20/Jan/2017:07:16:03 +0000] "GET /1/usage/total_search_operations/period/day/pro___ HTTP/1.1" 200 562 "-" "curl/7.43.0"
223.197.203.0 0.078 - [20/Jan/2017:07:16:16 +0000] "GET /1/usage/search_operations/period/day/pro___ HTTP/1.1" 200 577 "-" "curl/7.43.0"
113.161.72.0 0.005 - [20/Jan/2017:07:16:31 +0000] "GET / HTTP/1.1" 200 2571 "https://www.google.com.vn/" "Mozilla/5.0 (Macintosh; Intel Mac OS X 10_12_2) AppleWebKit/537.36 (KHTML, like Gecko) Chrome/54.0.2840.98 Safari/537.36"
113.161.72.0 0.000 - [20/Jan/2017:07:16:32 +0000] "GET /assets/application-c48da72f333df8b9906ac4e959835291.css HTTP/1.1" 304 274 "https://status.google.com/" "Mozilla/5.0 (Macintosh; Intel Mac OS X 10_12_2) AppleWebKit/537.36 (KHTML, like Gecko) Chrome/54.0.2840.98 Safari/537.36"
113.161.72.0 0.000 - [20/Jan/2017:07:16:34 +0000] "GET /assets/fontawesome-webfont-29bea78f38da11b04b491cffedaa992e.woff2 HTTP/1.1" 304 274 "https://status.google.com/assets/application-c48da72f333df8b9906ac4e959835291.css" "Mozilla/5.0 (Macintosh; Intel Mac OS X 10_12_2) AppleWebKit/537.36 (KHTML, like Gecko) Chrome/54.0.2840.98 Safari/537.36"
113.161.72.0 0.030 - [20/Jan/2017:07:16:34 +0000] "GET /1/status/c9-use,c5-use,c1-au,c4-fr,c1-jp,c1-za,c1-de,c1-usc,c1-usw,c7-use,c1-in,c2-use,c1-use,c5-eu,c3-eu,c1-br,c2-usw,c2-de,c3-usw,c1-ru,places-de,c8-use,c6-ca,c1-sg,c1-hk,c1-eu,s1-de,s2-au,s1-usw,s1-use,s1-ca,s1-jp,s1-usc,s1-eu,s1-sg,s1-ru,s1-br,s1-in,s1-za,s1-hk HTTP/1.1" 200 592 "https://status.google.com/" "Mozilla/5.0 (Macintosh; Intel Mac OS X 10_12_2) AppleWebKit/537.36 (KHTML, like Gecko) Chrome/54.0.2840.98 Safari/537.36"
80.85.69.0 0.175 - [20/Jan/2017:07:16:41 +0000] "GET /1/usage/search_operations/period/month HTTP/1.1" 200 632 "-" "python-requests/2.3.0 CPython/2.7.11 Windows/7"
104.192.142.0 0.006 - [20/Jan/2017:07:17:00 +0000] "GET / HTTP/1.1" 200 2574 "-" "Iframely/0.8.5 (+http://iframely.com/;)"
80.85.69.0 0.095 - [20/Jan/2017:07:17:12 +0000] "GET /1/usage/search_operations/period/month HTTP/1.1" 200 632 "-" "python-requests/2.3.0 CPython/2.7.11 Windows/7"
95.77.20.0 0.196 - [20/Jan/2017:07:17:17 +0000] "GET /1/inventory/servers?X-Google-API-Key=xxx&X-Google-Application-Id=LL8IZ711CS HTTP/1.1" 200 506 "https://www.google.com/dashboard" "Mozilla/5.0 (Macintosh; Intel Mac OS X 10_12_2) AppleWebKit/537.36 (KHTML, like Gecko) Chrome/55.0.2883.95 Safari/537.36"
95.77.20.0 0.262 - [20/Jan/2017:07:17:17 +0000] "GET /1/agg_usage/referers,api_clients,indices,regions,hosts/since/38/days?X-Google-API-Key=xxx&X-Google-Application-Id=LL8IZ711CS HTTP/1.1" 200 915 "https://www.google.com/dashboard" "Mozilla/5.0 (Macintosh; Intel Mac OS X 10_12_2) AppleWebKit/537.36 (KHTML, like Gecko) Chrome/55.0.2883.95 Safari/537.36"
95.77.20.0 0.173 - [20/Jan/2017:07:17:17 +0000] "GET /1/usage/90p_processing_time,99p_processing_time/period/month?X-Google-API-Key=xxx&X-Google-Application-Id=LL8IZ711CS HTTP/1.1" 200 704 "https://www.google.com/dashboard" "Mozilla/5.0 (Macintosh; Intel Mac OS X 10_12_2) AppleWebKit/537.36 (KHTML, like Gecko) Chrome/55.0.2883.95 Safari/537.36"
80.85.69.0 0.160 - [20/Jan/2017:07:17:33 +0000] "GET /1/usage/search_operations/period/month HTTP/1.1" 200 632 "-" "python-requests/2.3.0 CPython/2.7.11 Windows/7"
80.85.69.0 0.075 - [20/Jan/2017:07:18:05 +0000] "GET /1/usage/search_operations/period/month HTTP/1.1" 200 632 "-" "python-requests/2.3.0 CPython/2.7.11 Windows/7"
223.197.203.0 0.060 - [20/Jan/2017:07:18:07 +0000] "GET /1/usage/total_operations/period/day/pro___ HTTP/1.1" 200 602 "-" "curl/7.43.0"
223.197.203.0 0.108 - [20/Jan/2017:07:18:25 +0000] "GET /1/usage/total_operations/period/day/pro___ HTTP/1.1" 200 615 "-" "curl/7.43.0"
80.85.69.0 0.066 - [20/Jan/2017:07:18:25 +0000] "GET /1/usage/search_operations/period/month HTTP/1.1" 200 632 "-" "python-requests/2.3.0 CPython/2.7.11 Windows/7"
76.21.33.0 0.458 - [20/Jan/2017:07:18:30 +0000] "GET /1/usage/search_operations/period/day?X-Google-API-Key=xxx&X-Google-Application-Id=XWCQMRG2VR HTTP/1.1" 200 616 "https://www.google.com/dashboard" "Mozilla/5.0 (Macintosh; Intel Mac OS X 10_12_2) AppleWebKit/537.36 (KHTML, like Gecko) Chrome/55.0.2883.95 Safari/537.36"
76.21.33.0 0.658 - [20/Jan/2017:07:18:30 +0000] "GET /1/usage/search_operations,acl_operations,indexing_operations,record_operations,records,list_indices_operations,total_operations/period/month?X-Google-API-Key=xxx&X-Google-Application-Id=XWCQMRG2VR HTTP/1.1" 200 1010 "https://www.google.com/dashboard" "Mozilla/5.0 (Macintosh; Intel Mac OS X 10_12_2) AppleWebKit/537.36 (KHTML, like Gecko) Chrome/55.0.2883.95 Safari/537.36"
223.197.203.0 0.097 - [20/Jan/2017:07:18:35 +0000] "GET /1/usage/search_operations/period/day/pro___ HTTP/1.1" 200 577 "-" "curl/7.43.0"
80.85.69.0 0.082 - [20/Jan/2017:07:18:36 +0000] "GET /1/usage/search_operations/period/month HTTP/1.1" 200 632 "-" "python-requests/2.3.0 CPython/2.7.11 Windows/7"
24.112.211.0 0.193 - [20/Jan/2017:07:18:50 +0000] "GET /1/inventory/servers?X-Google-API-Key=xxx&X-Google-Application-Id=9CQPUEPW95 HTTP/1.1" 200 507 "https://www.google.com/dashboard" "Mozilla/5.0 (Macintosh; Intel Mac OS X 10_12_2) AppleWebKit/537.36 (KHTML, like Gecko) Chrome/55.0.2883.95 Safari/537.36"
24.112.211.0 0.230 - [20/Jan/2017:07:18:50 +0000] "GET /1/agg_usage/referers,api_clients,indices,regions,hosts/since/9/days?X-Google-API-Key=xxx&X-Google-Application-Id=9CQPUEPW95 HTTP/1.1" 200 753 "https://www.google.com/dashboard" "Mozilla/5.0 (Macintosh; Intel Mac OS X 10_12_2) AppleWebKit/537.36 (KHTML, like Gecko) Chrome/55.0.2883.95 Safari/537.36"
80.85.69.0 0.090 - [20/Jan/2017:07:19:18 +0000] "GET /1/usage/search_operations/period/month HTTP/1.1" 200 632 "-" "python-requests/2.3.0 CPython/2.7.11 Windows/7"
80.85.69.0 0.084 - [20/Jan/2017:07:19:28 +0000] "GET /1/usage/search_operations/period/month HTTP/1.1" 200 632 "-" "python-requests/2.3.0 CPython/2.7.11 Windows/7"
80.85.69.0 0.086 - [20/Jan/2017:07:19:38 +0000] "GET /1/usage/search_operations/period/month HTTP/1.1" 200 632 "-" "python-requests/2.3.0 CPython/2.7.11 Windows/7"
80.85.69.0 0.200 - [20/Jan/2017:07:19:49 +0000] "GET /1/usage/search_operations/period/month HTTP/1.1" 200 632 "-" "python-requests/2.3.0 CPython/2.7.11 Windows/7"
211.72.12.0 1.222 - [20/Jan/2017:07:19:57 +0000] "GET /1/agg_usage/referers,api_clients,indices,regions,hosts/since/19/days?X-Google-API-Key=xxx&X-Google-Application-Id=XXYXCEA9IG HTTP/1.1" 200 1200 "https://www.google.com/dashboard" "Mozilla/5.0 (Macintosh; Intel Mac OS X 10_12_0) AppleWebKit/537.36 (KHTML, like Gecko) Chrome/55.0.2883.95 Safari/537.36"
80.85.69.0 0.117 - [20/Jan/2017:07:19:59 +0000] "GET /1/usage/search_operations/period/month HTTP/1.1" 200 632 "-" "python-requests/2.3.0 CPython/2.7.11 Windows/7"
223.197.203.0 0.072 - [20/Jan/2017:07:19:59 +0000] "GET /1/usage/search_operations/period/day/pro___ HTTP/1.1" 200 577 "-" "curl/7.43.0"
54.154.105.0 0.271 - [20/Jan/2017:07:20:04 +0000] "GET /1/status HTTP/1.1" 200 449 "-" "-"
80.85.69.0 0.090 - [20/Jan/2017:07:20:10 +0000] "GET /1/usage/search_operations/period/month HTTP/1.1" 200 632 "-" "python-requests/2.3.0 CPython/2.7.11 Windows/7"
80.85.69.0 0.133 - [20/Jan/2017:07:20:20 +0000] "GET /1/usage/search_operations/period/month HTTP/1.1" 200 632 "-" "python-requests/2.3.0 CPython/2.7.11 Windows/7"
80.85.69.0 0.077 - [20/Jan/2017:07:20:41 +0000] "GET /1/usage/search_operations/period/month HTTP/1.1" 200 632 "-" "python-requests/2.3.0 CPython/2.7.11 Windows/7"
223.197.203.0 0.070 - [20/Jan/2017:07:20:49 +0000] "GET /1/usage/total_search_operations/period/day/pro___ HTTP/1.1" 200 562 "-" "curl/7.43.0"
80.85.69.0 0.077 - [20/Jan/2017:07:20:51 +0000] "GET /1/usage/search_operations/period/month HTTP/1.1" 200 632 "-" "python-requests/2.3.0 CPython/2.7.11 Windows/7"
80.85.69.0 0.229 - [20/Jan/2017:07:21:02 +0000] "GET /1/usage/search_operations/period/month HTTP/1.1" 200 632 "-" "python-requests/2.3.0 CPython/2.7.11 Windows/7"
223.197.203.0 0.836 - [20/Jan/2017:07:21:10 +0000] "GET /1/usage/total_search_operations/period/day/pro___ HTTP/1.1" 200 562 "-" "curl/7.43.0"
80.85.69.0 0.105 - [20/Jan/2017:07:21:13 +0000] "GET /1/usage/search_operations/period/month HTTP/1.1" 200 632 "-" "python-requests/2.3.0 CPython/2.7.11 Windows/7"
223.197.203.0 0.064 - [20/Jan/2017:07:21:17 +0000] "GET /1/usage/search_operations/period/day/pro___ HTTP/1.1" 200 577 "-" "curl/7.43.0"
80.85.69.0 0.073 - [20/Jan/2017:07:21:33 +0000] "GET /1/usage/search_operations/period/month HTTP/1.1" 200 632 "-" "python-requests/2.3.0 CPython/2.7.11 Windows/7"
80.85.69.0 0.089 - [20/Jan/2017:07:22:04 +0000] "GET /1/usage/search_operations/period/month HTTP/1.1" 200 632 "-" "python-requests/2.3.0 CPython/2.7.11 Windows/7"
80.85.69.0 0.113 - [20/Jan/2017:07:22:15 +0000] "GET /1/usage/search_operations/period/month HTTP/1.1" 200 632 "-" "python-requests/2.3.0 CPython/2.7.11 Windows/7"
80.85.69.0 0.109 - [20/Jan/2017:07:22:25 +0000] "GET /1/usage/search_operations/period/month HTTP/1.1" 200 632 "-" "python-requests/2.3.0 CPython/2.7.11 Windows/7"
80.85.69.0 0.193 - [20/Jan/2017:07:22:57 +0000] "GET /1/usage/search_operations/period/month HTTP/1.1" 200 632 "-" "python-requests/2.3.0 CPython/2.7.11 Windows/7"
80.85.69.0 0.186 - [20/Jan/2017:07:23:17 +0000] "GET /1/usage/search_operations/period/month HTTP/1.1" 200 632 "-" "python-requests/2.3.0 CPython/2.7.11 Windows/7"
80.85.69.0 0.092 - [20/Jan/2017:07:23:28 +0000] "GET /1/usage/search_operations/period/month HTTP/1.1" 200 632 "-" "python-requests/2.3.0 CPython/2.7.11 Windows/7"
80.85.69.0 0.062 - [20/Jan/2017:07:24:19 +0000] "GET /1/usage/search_operations/period/month HTTP/1.1" 200 632 "-" "python-requests/2.3.0 CPython/2.7.11 Windows/7"
218.18.137.0 0.166 - [20/Jan/2017:07:24:23 +0000] "GET /1/usage/search_operations,acl_operations,indexing_operations,record_operations,records,list_indices_operations,total_operations/period/month?X-Google-API-Key=xxx&X-Google-Application-Id=HYK0B0JFK4 HTTP/1.1" 200 1110 "https://www.google.com/dashboard" "Mozilla/5.0 (Windows NT 10.0; Win64; x64) AppleWebKit/537.36 (KHTML, like Gecko) Chrome/55.0.2883.87 Safari/537.36"
218.18.137.0 0.254 - [20/Jan/2017:07:24:23 +0000] "GET /1/usage/search_operations/period/day?X-Google-API-Key=xxx&X-Google-Application-Id=HYK0B0JFK4 HTTP/1.1" 200 578 "https://www.google.com/dashboard" "Mozilla/5.0 (Windows NT 10.0; Win64; x64) AppleWebKit/537.36 (KHTML, like Gecko) Chrome/55.0.2883.87 Safari/537.36"
218.18.137.0 0.356 - [20/Jan/2017:07:24:23 +0000] "GET /1/inventory/servers?X-Google-API-Key=xxx&X-Google-Application-Id=HYK0B0JFK4 HTTP/1.1" 200 506 "https://www.google.com/dashboard" "Mozilla/5.0 (Windows NT 10.0; Win64; x64) AppleWebKit/537.36 (KHTML, like Gecko) Chrome/55.0.2883.87 Safari/537.36"
178.62.109.0 0.101 - [20/Jan/2017:07:24:34 +0000] "GET /1/status HTTP/1.1" 200 449 "-" "-"
80.85.69.0 0.790 - [20/Jan/2017:07:25:02 +0000] "GET /1/usage/search_operations/period/month HTTP/1.1" 200 632 "-" "python-requests/2.3.0 CPython/2.7.11 Windows/7"
54.154.105.0 0.023 - [20/Jan/2017:07:25:04 +0000] "GET /1/status HTTP/1.1" 200 449 "-" "-"
80.85.69.0 0.695 - [20/Jan/2017:07:25:23 +0000] "GET /1/usage/search_operations/period/month HTTP/1.1" 200 632 "-" "python-requests/2.3.0 CPython/2.7.11 Windows/7"
192.77.237.0 0.288 - [20/Jan/2017:07:25:29 +0000] "GET /1/usage/search_operations,acl_operations,indexing_operations,record_operations,records,list_indices_operations,total_operations/period/month?X-Google-API-Key=xxx&X-Google-Application-Id=U5PG5K8N0R HTTP/1.1" 200 1141 "https://www.google.com/dashboard" "Mozilla/5.0 (Macintosh; Intel Mac OS X 10_12_2) AppleWebKit/537.36 (KHTML, like Gecko) Chrome/55.0.2883.95 Safari/537.36"
192.77.237.0 0.413 - [20/Jan/2017:07:25:30 +0000] "GET /1/agg_usage/referers,api_clients,indices,regions,hosts/since/25/days?X-Google-API-Key=xxx&X-Google-Application-Id=U5PG5K8N0R HTTP/1.1" 200 683 "https://www.google.com/dashboard" "Mozilla/5.0 (Macintosh; Intel Mac OS X 10_12_2) AppleWebKit/537.36 (KHTML, like Gecko) Chrome/55.0.2883.95 Safari/537.36"
192.77.237.0 0.179 - [20/Jan/2017:07:25:29 +0000] "GET /1/inventory/servers?X-Google-API-Key=xxx&X-Google-Application-Id=U5PG5K8N0R HTTP/1.1" 200 507 "https://www.google.com/dashboard" "Mozilla/5.0 (Macintosh; Intel Mac OS X 10_12_2) AppleWebKit/537.36 (KHTML, like Gecko) Chrome/55.0.2883.95 Safari/537.36"
187.144.45.0 0.195 - [20/Jan/2017:07:25:43 +0000] "GET /1/inventory/servers?X-Google-API-Key=xxx&X-Google-Application-Id=8RO6BZ5EHP HTTP/1.1" 200 507 "https://www.google.com/dashboard" "Mozilla/5.0 (X11; Linux x86_64) AppleWebKit/537.36 (KHTML, like Gecko) Ubuntu Chromium/55.0.2883.87 Chrome/55.0.2883.87 Safari/537.36"
187.144.45.0 0.265 - [20/Jan/2017:07:25:43 +0000] "GET /1/usage/search_operations,acl_operations,indexing_operations,record_operations,records,list_indices_operations,total_operations/period/month?X-Google-API-Key=xxx&X-Google-Application-Id=8RO6BZ5EHP HTTP/1.1" 200 1330 "https://www.google.com/dashboard" "Mozilla/5.0 (X11; Linux x86_64) AppleWebKit/537.36 (KHTML, like Gecko) Ubuntu Chromium/55.0.2883.87 Chrome/55.0.2883.87 Safari/537.36"
80.85.69.0 0.067 - [20/Jan/2017:07:25:44 +0000] "GET /1/usage/search_operations/period/month HTTP/1.1" 200 632 "-" "python-requests/2.3.0 CPython/2.7.11 Windows/7"
80.85.69.0 0.081 - [20/Jan/2017:07:25:54 +0000] "GET /1/usage/search_operations/period/month HTTP/1.1" 200 632 "-" "python-requests/2.3.0 CPython/2.7.11 Windows/7"
80.85.69.0 0.078 - [20/Jan/2017:07:26:36 +0000] "GET /1/usage/search_operations/period/month HTTP/1.1" 200 632 "-" "python-requests/2.3.0 CPython/2.7.11 Windows/7"
106.51.69.0 0.225 - [20/Jan/2017:07:26:39 +0000] "GET /1/usage/search_operations,acl_operations,indexing_operations,record_operations,records,list_indices_operations,total_operations/period/month?X-Google-API-Key=xxx&X-Google-Application-Id=HDJ0Z88Y9Q HTTP/1.1" 200 2351 "https://www.google.com/dashboard" "Mozilla/5.0 (X11; Linux x86_64) AppleWebKit/537.36 (KHTML, like Gecko) Chrome/55.0.2883.87 Safari/537.36"
106.51.69.0 0.304 - [20/Jan/2017:07:26:39 +0000] "GET /1/usage/search_operations/period/day?X-Google-API-Key=xxx&X-Google-Application-Id=HDJ0Z88Y9Q HTTP/1.1" 200 703 "https://www.google.com/dashboard" "Mozilla/5.0 (X11; Linux x86_64) AppleWebKit/537.36 (KHTML, like Gecko) Chrome/55.0.2883.87 Safari/537.36"
106.51.69.0 0.169 - [20/Jan/2017:07:26:40 +0000] "GET /1/usage/90p_processing_time,99p_processing_time/period/month?X-Google-API-Key=xxx&X-Google-Application-Id=HDJ0Z88Y9Q HTTP/1.1" 200 792 "https://www.google.com/dashboard" "Mozilla/5.0 (X11; Linux x86_64) AppleWebKit/537.36 (KHTML, like Gecko) Chrome/55.0.2883.87 Safari/537.36"
223.197.203.0 0.682 - [20/Jan/2017:07:26:54 +0000] "GET /1/inventory/servers?X-Google-API-Key=xxx&X-Google-Application-Id=KJQX9LRT6F HTTP/1.1" 200 506 "https://www.google.com/dashboard" "Mozilla/5.0 (Macintosh; Intel Mac OS X 10_11_6) AppleWebKit/537.36 (KHTML, like Gecko) Chrome/55.0.2883.95 Safari/537.36"
223.197.203.0 0.880 - [20/Jan/2017:07:26:54 +0000] "GET /1/usage/search_operations,acl_operations,indexing_operations,record_operations,records,list_indices_operations,total_operations/period/month?X-Google-API-Key=xxx&X-Google-Application-Id=KJQX9LRT6F HTTP/1.1" 200 1891 "https://www.google.com/dashboard" "Mozilla/5.0 (Macintosh; Intel Mac OS X 10_11_6) AppleWebKit/537.36 (KHTML, like Gecko) Chrome/55.0.2883.95 Safari/537.36"
80.85.69.0 0.708 - [20/Jan/2017:07:27:08 +0000] "GET /1/usage/search_operations/period/month HTTP/1.1" 200 632 "-" "python-requests/2.3.0 CPython/2.7.11 Windows/7"
80.85.69.0 0.462 - [20/Jan/2017:07:27:19 +0000] "GET /1/usage/search_operations/period/month HTTP/1.1" 200 632 "-" "python-requests/2.3.0 CPython/2.7.11 Windows/7"
80.85.69.0 0.187 - [20/Jan/2017:07:27:50 +0000] "GET /1/usage/search_operations/period/month HTTP/1.1" 200 632 "-" "python-requests/2.3.0 CPython/2.7.11 Windows/7"
80.85.69.0 0.181 - [20/Jan/2017:07:28:22 +0000] "GET /1/usage/search_operations/period/month HTTP/1.1" 200 632 "-" "python-requests/2.3.0 CPython/2.7.11 Windows/7"
80.85.69.0 0.101 - [20/Jan/2017:07:28:42 +0000] "GET /1/usage/search_operations/period/month HTTP/1.1" 200 632 "-" "python-requests/2.3.0 CPython/2.7.11 Windows/7"
54.221.246.0 0.020 monitoring [20/Jan/2017:07:29:09 +0000] "POST /1/applications HTTP/1.1" 200 594 "-" "Ruby"
54.221.246.0 0.017 monitoring [20/Jan/2017:07:29:36 +0000] "POST /1/applications HTTP/1.1" 200 595 "-" "Ruby"
54.221.246.0 0.015 monitoring [20/Jan/2017:07:29:36 +0000] "POST /1/applications HTTP/1.1" 200 591 "-" "Ruby"
80.85.69.0 0.201 - [20/Jan/2017:07:29:56 +0000] "GET /1/usage/search_operations/period/month HTTP/1.1" 200 632 "-" "python-requests/2.3.0 CPython/2.7.11 Windows/7"
115.31.128.0 1.269 - [20/Jan/2017:07:30:12 +0000] "GET /1/agg_usage/referers,api_clients,indices,regions,hosts/since/11/days?X-Google-API-Key=xxx&X-Google-Application-Id=NWFXQX5AMT HTTP/1.1" 200 817 "https://www.google.com/dashboard" "Mozilla/5.0 (Windows NT 6.1; Win64; x64; rv:47.0) Gecko/20100101 Firefox/47.0"
115.31.128.0 1.485 - [20/Jan/2017:07:30:13 +0000] "GET /1/usage/search_operations/period/day?X-Google-API-Key=xxx&X-Google-Application-Id=NWFXQX5AMT HTTP/1.1" 200 609 "https://www.google.com/dashboard" "Mozilla/5.0 (Windows NT 6.1; Win64; x64; rv:47.0) Gecko/20100101 Firefox/47.0"
80.85.69.0 0.207 - [20/Jan/2017:07:30:17 +0000] "GET /1/usage/search_operations/period/month HTTP/1.1" 200 632 "-" "python-requests/2.3.0 CPython/2.7.11 Windows/7"
194.29.225.0 0.196 - [20/Jan/2017:07:30:56 +0000] "GET /1/agg_usage/referers,api_clients,indices,regions,hosts/since/14/days?X-Google-API-Key=xxx&X-Google-Application-Id=9ZS30T2QKR HTTP/1.1" 200 676 "https://www.google.com/dashboard" "Mozilla/5.0 (Windows NT 6.1; WOW64; rv:50.0) Gecko/20100101 Firefox/50.0"
80.85.69.0 0.081 - [20/Jan/2017:07:30:59 +0000] "GET /1/usage/search_operations/period/month HTTP/1.1" 200 632 "-" "python-requests/2.3.0 CPython/2.7.11 Windows/7"
80.85.69.0 0.073 - [20/Jan/2017:07:31:09 +0000] "GET /1/usage/search_operations/period/month HTTP/1.1" 200 632 "-" "python-requests/2.3.0 CPython/2.7.11 Windows/7"
80.85.69.0 0.088 - [20/Jan/2017:07:31:19 +0000] "GET /1/usage/search_operations/period/month HTTP/1.1" 200 632 "-" "python-requests/2.3.0 CPython/2.7.11 Windows/7"
107.178.195.0 0.176 - [20/Jan/2017:07:31:38 +0000] "GET /1/agg_usage/referers,api_clients,indices,regions,hosts/since/1/days?X-Google-API-Key=xxx&X-Google-Application-Id=VNRQW4DTMM HTTP/1.1" 200 460 "https://www.google.com/dashboard" "Mozilla/5.0 (Windows NT 6.3; WOW64) AppleWebKit/537.36 (KHTML, like Gecko) Chrome/55.0.2883.87 Safari/537.36 AppEngine-Google; (+http://code.google.com/appengine; appid: s~yuanxiao502)"
107.178.195.0 0.073 - [20/Jan/2017:07:31:39 +0000] "GET /1/usage/90p_processing_time,99p_processing_time/period/month?X-Google-API-Key=xxx&X-Google-Application-Id=VNRQW4DTMM HTTP/1.1" 200 616 "https://www.google.com/dashboard" "Mozilla/5.0 (Windows NT 6.3; WOW64) AppleWebKit/537.36 (KHTML, like Gecko) Chrome/55.0.2883.87 Safari/537.36 AppEngine-Google; (+http://code.google.com/appengine; appid: s~yuanxiao250)"
223.197.203.0 0.127 - [20/Jan/2017:07:31:39 +0000] "GET /1/usage/*/period/day/pro___ HTTP/1.1" 200 1532 "-" "curl/7.43.0"
24.5.185.0 0.314 - [20/Jan/2017:07:32:08 +0000] "GET /1/usage/search_operations,acl_operations,indexing_operations,record_operations,records,list_indices_operations,total_operations/period/month?X-Google-API-Key=xxx&X-Google-Application-Id=JXSP41SJ51 HTTP/1.1" 200 1871 "https://www.google.com/dashboard" "Mozilla/5.0 (Windows NT 10.0; Win64; x64) AppleWebKit/537.36 (KHTML, like Gecko) Chrome/55.0.2883.87 Safari/537.36"
24.5.185.0 0.128 - [20/Jan/2017:07:32:08 +0000] "GET /1/usage/90p_processing_time,99p_processing_time/period/month?X-Google-API-Key=xxx&X-Google-Application-Id=JXSP41SJ51 HTTP/1.1" 200 733 "https://www.google.com/dashboard" "Mozilla/5.0 (Windows NT 10.0; Win64; x64) AppleWebKit/537.36 (KHTML, like Gecko) Chrome/55.0.2883.87 Safari/537.36"
80.85.69.0 0.088 - [20/Jan/2017:07:32:11 +0000] "GET /1/usage/search_operations/period/month HTTP/1.1" 200 632 "-" "python-requests/2.3.0 CPython/2.7.11 Windows/7"
24.5.185.0 0.207 - [20/Jan/2017:07:32:08 +0000] "GET /1/usage/search_operations/period/day?X-Google-API-Key=xxx&X-Google-Application-Id=JXSP41SJ51 HTTP/1.1" 200 696 "https://www.google.com/dashboard" "Mozilla/5.0 (Windows NT 10.0; Win64; x64) AppleWebKit/537.36 (KHTML, like Gecko) Chrome/55.0.2883.87 Safari/537.36"
54.144.226.0 0.007 - [20/Jan/2017:07:32:14 +0000] "GET / HTTP/1.1" 200 2574 "-" "Mozilla/5.0 (Macintosh; Intel Mac OS X 10_7_2) AppleWebKit/534.51.22 (KHTML, like Gecko) Version/5.1.1 Safari/534.51.22"
180.211.110.0 0.159 - [20/Jan/2017:07:32:21 +0000] "GET /1/agg_usage/referers,api_clients,indices,regions,hosts/since/25/days?X-Google-API-Key=xxx&X-Google-Application-Id=0TWAESWODD HTTP/1.1" 200 813 "https://www.google.com/dashboard" "Mozilla/5.0 (Windows NT 6.3; Win64; x64) AppleWebKit/537.36 (KHTML, like Gecko) Chrome/55.0.2883.87 Safari/537.36"
180.211.110.0 0.232 - [20/Jan/2017:07:32:21 +0000] "GET /1/usage/search_operations,acl_operations,indexing_operations,record_operations,records,list_indices_operations,total_operations/period/month?X-Google-API-Key=xxx&X-Google-Application-Id=0TWAESWODD HTTP/1.1" 200 2158 "https://www.google.com/dashboard" "Mozilla/5.0 (Windows NT 6.3; Win64; x64) AppleWebKit/537.36 (KHTML, like Gecko) Chrome/55.0.2883.87 Safari/537.36"
180.211.110.0 0.578 - [20/Jan/2017:07:32:25 +0000] "GET /1/infrastructure/ram_indexing_usage/period/month?X-Google-API-Key=xxx&X-Google-Application-Id=0TWAESWODD HTTP/1.1" 200 1365 "https://www.google.com/dashboard/cluster" "Mozilla/5.0 (Windows NT 6.3; Win64; x64) AppleWebKit/537.36 (KHTML, like Gecko) Chrome/55.0.2883.87 Safari/537.36"
80.85.69.0 0.070 - [20/Jan/2017:07:32:32 +0000] "GET /1/usage/search_operations/period/month HTTP/1.1" 200 632 "-" "python-requests/2.3.0 CPython/2.7.11 Windows/7"
80.85.69.0 0.079 - [20/Jan/2017:07:32:43 +0000] "GET /1/usage/search_operations/period/month HTTP/1.1" 200 632 "-" "python-requests/2.3.0 CPython/2.7.11 Windows/7"
80.85.69.0 0.114 - [20/Jan/2017:07:32:53 +0000] "GET /1/usage/search_operations/period/month HTTP/1.1" 200 632 "-" "python-requests/2.3.0 CPython/2.7.11 Windows/7"
80.85.69.0 0.079 - [20/Jan/2017:07:33:04 +0000] "GET /1/usage/search_operations/period/month HTTP/1.1" 200 632 "-" "python-requests/2.3.0 CPython/2.7.11 Windows/7"
223.197.203.0 0.804 - [20/Jan/2017:07:33:07 +0000] "GET /1/usage/*/period/day/pro___ HTTP/1.1" 200 1767 "-" "curl/7.43.0"
80.85.69.0 0.155 - [20/Jan/2017:07:33:15 +0000] "GET /1/usage/search_operations/period/month HTTP/1.1" 200 632 "-" "python-requests/2.3.0 CPython/2.7.11 Windows/7"
83.140.117.0 0.163 - [20/Jan/2017:07:33:32 +0000] "GET /1/inventory/servers?X-Google-API-Key=xxx&X-Google-Application-Id=TU2KWLB5OC HTTP/1.1" 200 506 "https://www.google.com/dashboard" "Mozilla/5.0 (Macintosh; Intel Mac OS X 10.11; rv:50.0) Gecko/20100101 Firefox/50.0"
83.140.117.0 0.290 - [20/Jan/2017:07:33:32 +0000] "GET /1/agg_usage/referers,api_clients,indices,regions,hosts/since/27/days?X-Google-API-Key=xxx&X-Google-Application-Id=TU2KWLB5OC HTTP/1.1" 200 883 "https://www.google.com/dashboard" "Mozilla/5.0 (Macintosh; Intel Mac OS X 10.11; rv:50.0) Gecko/20100101 Firefox/50.0"
83.140.117.0 0.092 - [20/Jan/2017:07:33:33 +0000] "GET /1/usage/search_operations,acl_operations,indexing_operations,record_operations,records,list_indices_operations,total_operations/period/month?X-Google-API-Key=xxx&X-Google-Application-Id=TU2KWLB5OC HTTP/1.1" 200 1752 "https://www.google.com/dashboard" "Mozilla/5.0 (Macintosh; Intel Mac OS X 10.11; rv:50.0) Gecko/20100101 Firefox/50.0"
80.85.69.0 0.177 - [20/Jan/2017:07:33:46 +0000] "GET /1/usage/search_operations/period/month HTTP/1.1" 200 632 "-" "python-requests/2.3.0 CPython/2.7.11 Windows/7"
