46.237.229.0 0.096 - [20/Jan/2017:08:09:57 +0000] "GET /1/inventory/servers?X-Google-API-Key=xxx&X-Google-Application-Id=Y99GS3CFHB HTTP/1.1" 200 506 "https://www.google.com/dashboard" "Mozilla/5.0 (Windows NT 10.0; WOW64; rv:50.0) Gecko/20100101 Firefox/50.0"
46.237.229.0 0.307 - [20/Jan/2017:08:09:57 +0000] "GET /1/usage/90p_processing_time,99p_processing_time/period/month?X-Google-API-Key=xxx&X-Google-Application-Id=Y99GS3CFHB HTTP/1.1" 200 616 "https://www.google.com/dashboard" "Mozilla/5.0 (Windows NT 10.0; WOW64; rv:50.0) Gecko/20100101 Firefox/50.0"
46.237.229.0 0.270 - [20/Jan/2017:08:09:57 +0000] "GET /1/usage/search_operations,acl_operations,indexing_operations,record_operations,records,list_indices_operations,total_operations/period/month?X-Google-API-Key=xxx&X-Google-Application-Id=Y99GS3CFHB HTTP/1.1" 200 1023 "https://www.google.com/dashboard" "Mozilla/5.0 (Windows NT 10.0; WOW64; rv:50.0) Gecko/20100101 Firefox/50.0"
80.85.69.0 0.203 - [20/Jan/2017:08:10:03 +0000] "GET /1/usage/search_operations/period/month HTTP/1.1" 200 632 "-" "python-requests/2.3.0 CPython/2.7.11 Windows/7"
80.85.69.0 0.096 - [20/Jan/2017:08:10:13 +0000] "GET /1/usage/search_operations/period/month HTTP/1.1" 200 632 "-" "python-requests/2.3.0 CPython/2.7.11 Windows/7"
80.85.69.0 0.272 - [20/Jan/2017:08:10:34 +0000] "GET /1/usage/search_operations/period/month HTTP/1.1" 200 632 "-" "python-requests/2.3.0 CPython/2.7.11 Windows/7"
80.85.69.0 0.136 - [20/Jan/2017:08:10:45 +0000] "GET /1/usage/search_operations/period/month HTTP/1.1" 200 632 "-" "python-requests/2.3.0 CPython/2.7.11 Windows/7"
80.85.69.0 0.085 - [20/Jan/2017:08:10:55 +0000] "GET /1/usage/search_operations/period/month HTTP/1.1" 200 632 "-" "python-requests/2.3.0 CPython/2.7.11 Windows/7"
80.85.69.0 0.089 - [20/Jan/2017:08:11:26 +0000] "GET /1/usage/search_operations/period/month HTTP/1.1" 200 632 "-" "python-requests/2.3.0 CPython/2.7.11 Windows/7"
10.164.65.0 0.000 - [20/Jan/2017:08:11:30 +0000] "GET / HTTP/1.1" 301 428 "-" "Mozilla/5.0 (Macintosh; Intel Mac OS X 10.11; rv:47.0) Gecko/20100101 Firefox/47.0"
80.85.69.0 0.085 - [20/Jan/2017:08:12:09 +0000] "GET /1/usage/search_operations/period/month HTTP/1.1" 200 632 "-" "python-requests/2.3.0 CPython/2.7.11 Windows/7"
80.85.69.0 0.182 - [20/Jan/2017:08:12:19 +0000] "GET /1/usage/search_operations/period/month HTTP/1.1" 200 632 "-" "python-requests/2.3.0 CPython/2.7.11 Windows/7"
80.85.69.0 0.344 - [20/Jan/2017:08:12:40 +0000] "GET /1/usage/search_operations/period/month HTTP/1.1" 200 632 "-" "python-requests/2.3.0 CPython/2.7.11 Windows/7"
80.85.69.0 0.142 - [20/Jan/2017:08:12:50 +0000] "GET /1/usage/search_operations/period/month HTTP/1.1" 200 632 "-" "python-requests/2.3.0 CPython/2.7.11 Windows/7"
118.136.213.0 0.201 - [20/Jan/2017:08:12:52 +0000] "GET /1/usage/search_operations,acl_operations,indexing_operations,record_operations,records,list_indices_operations,total_operations/period/month?X-Google-API-Key=xxx&X-Google-Application-Id=XFUSR4GZ66 HTTP/1.1" 200 351 "https://www.google.com/dashboard" "Mozilla/5.0 (Windows NT 6.1) AppleWebKit/537.36 (KHTML, like Gecko) Chrome/55.0.2883.87 Safari/537.36"
118.136.213.0 0.207 - [20/Jan/2017:08:12:52 +0000] "GET /1/agg_usage/referers,api_clients,indices,regions,hosts/since/1/days?X-Google-API-Key=xxx&X-Google-Application-Id=XFUSR4GZ66 HTTP/1.1" 200 351 "https://www.google.com/dashboard" "Mozilla/5.0 (Windows NT 6.1) AppleWebKit/537.36 (KHTML, like Gecko) Chrome/55.0.2883.87 Safari/537.36"
80.85.69.0 0.060 - [20/Jan/2017:08:13:01 +0000] "GET /1/usage/search_operations/period/month HTTP/1.1" 200 632 "-" "python-requests/2.3.0 CPython/2.7.11 Windows/7"
86.70.163.0 0.597 - [20/Jan/2017:08:13:11 +0000] "GET /1/usage/search_operations/period/day?X-Google-API-Key=xxx&X-Google-Application-Id=43U1I34NXP HTTP/1.1" 200 600 "https://www.google.com/dashboard" "Mozilla/5.0 (Macintosh; Intel Mac OS X 10_11_5) AppleWebKit/537.36 (KHTML, like Gecko) Chrome/55.0.2883.95 Safari/537.36"
118.136.213.0 0.005 - [20/Jan/2017:08:13:17 +0000] "GET /?e HTTP/1.1" 200 2387 "https://www.google.com/dashboard/status" "Mozilla/5.0 (Windows NT 6.1) AppleWebKit/537.36 (KHTML, like Gecko) Chrome/55.0.2883.87 Safari/537.36"
118.136.213.0 0.000 - [20/Jan/2017:08:13:18 +0000] "GET /assets/application-c48da72f333df8b9906ac4e959835291.css HTTP/1.1" 304 276 "https://status.google.com/?e" "Mozilla/5.0 (Windows NT 6.1) AppleWebKit/537.36 (KHTML, like Gecko) Chrome/55.0.2883.87 Safari/537.36"
118.136.213.0 0.006 - [20/Jan/2017:08:13:20 +0000] "GET /1/incidents?X-Google-Application-Id=XFUSR4GZ66&X-Google-API-Key=xxx HTTP/1.1" 200 439 "https://status.google.com/?e" "Mozilla/5.0 (Windows NT 6.1) AppleWebKit/537.36 (KHTML, like Gecko) Chrome/55.0.2883.87 Safari/537.36"
118.136.213.0 2.630 - [20/Jan/2017:08:13:23 +0000] "GET /1/latency/c1-sg?X-Google-Application-Id=XFUSR4GZ66&X-Google-API-Key=xxx HTTP/1.1" 200 920 "https://status.google.com/?e" "Mozilla/5.0 (Windows NT 6.1) AppleWebKit/537.36 (KHTML, like Gecko) Chrome/55.0.2883.87 Safari/537.36"
80.85.69.0 0.100 - [20/Jan/2017:08:13:43 +0000] "GET /1/usage/search_operations/period/month HTTP/1.1" 200 632 "-" "python-requests/2.3.0 CPython/2.7.11 Windows/7"
80.85.69.0 0.081 - [20/Jan/2017:08:13:53 +0000] "GET /1/usage/search_operations/period/month HTTP/1.1" 200 632 "-" "python-requests/2.3.0 CPython/2.7.11 Windows/7"
89.91.133.0 0.204 - [20/Jan/2017:08:13:59 +0000] "GET /1/usage/search_operations/period/day?X-Google-API-Key=xxx&X-Google-Application-Id=EQWZ81FH13 HTTP/1.1" 200 577 "https://www.google.com/dashboard" "Mozilla/5.0 (X11; Linux x86_64) AppleWebKit/537.36 (KHTML, like Gecko) Chrome/55.0.2883.87 Safari/537.36"
89.91.133.0 0.398 - [20/Jan/2017:08:13:59 +0000] "GET /1/usage/search_operations,acl_operations,indexing_operations,record_operations,records,list_indices_operations,total_operations/period/month?X-Google-API-Key=xxx&X-Google-Application-Id=EQWZ81FH13 HTTP/1.1" 200 1374 "https://www.google.com/dashboard" "Mozilla/5.0 (X11; Linux x86_64) AppleWebKit/537.36 (KHTML, like Gecko) Chrome/55.0.2883.87 Safari/537.36"
80.85.69.0 0.083 - [20/Jan/2017:08:14:14 +0000] "GET /1/usage/search_operations/period/month HTTP/1.1" 200 632 "-" "python-requests/2.3.0 CPython/2.7.11 Windows/7"
80.85.69.0 0.085 - [20/Jan/2017:08:14:25 +0000] "GET /1/usage/search_operations/period/month HTTP/1.1" 200 632 "-" "python-requests/2.3.0 CPython/2.7.11 Windows/7"
223.197.203.0 0.781 - [20/Jan/2017:08:14:38 +0000] "GET /1/usage/total_search_operations/period/day/pro___ HTTP/1.1" 404 345 "-" "curl/7.43.0"
115.31.128.0 0.208 - [20/Jan/2017:08:14:43 +0000] "GET /1/inventory/servers?X-Google-API-Key=xxx&X-Google-Application-Id=NWFXQX5AMT HTTP/1.1" 200 506 "https://www.google.com/dashboard" "Mozilla/5.0 (Windows NT 6.1; Win64; x64; rv:47.0) Gecko/20100101 Firefox/47.0"
115.31.128.0 0.472 - [20/Jan/2017:08:14:43 +0000] "GET /1/usage/search_operations/period/day?X-Google-API-Key=xxx&X-Google-Application-Id=NWFXQX5AMT HTTP/1.1" 200 605 "https://www.google.com/dashboard" "Mozilla/5.0 (Windows NT 6.1; Win64; x64; rv:47.0) Gecko/20100101 Firefox/47.0"
80.85.69.0 0.094 - [20/Jan/2017:08:14:56 +0000] "GET /1/usage/search_operations/period/month HTTP/1.1" 200 632 "-" "python-requests/2.3.0 CPython/2.7.11 Windows/7"
91.213.82.0 0.161 - [20/Jan/2017:08:14:58 +0000] "GET /1/usage/search_operations/period/day?X-Google-API-Key=xxx&X-Google-Application-Id=IQNIGCU9GG HTTP/1.1" 200 625 "https://www.google.com/dashboard" "Mozilla/5.0 (X11; Linux x86_64) AppleWebKit/537.36 (KHTML, like Gecko) Chrome/55.0.2883.87 Safari/537.36"
91.213.82.0 0.159 - [20/Jan/2017:08:14:58 +0000] "GET /1/inventory/servers?X-Google-API-Key=xxx&X-Google-Application-Id=IQNIGCU9GG HTTP/1.1" 200 506 "https://www.google.com/dashboard" "Mozilla/5.0 (X11; Linux x86_64) AppleWebKit/537.36 (KHTML, like Gecko) Chrome/55.0.2883.87 Safari/537.36"
91.213.82.0 0.102 - [20/Jan/2017:08:14:59 +0000] "GET /1/usage/90p_processing_time,99p_processing_time/period/month?X-Google-API-Key=xxx&X-Google-Application-Id=IQNIGCU9GG HTTP/1.1" 200 619 "https://www.google.com/dashboard" "Mozilla/5.0 (X11; Linux x86_64) AppleWebKit/537.36 (KHTML, like Gecko) Chrome/55.0.2883.87 Safari/537.36"
223.197.203.0 0.107 - [20/Jan/2017:08:15:02 +0000] "GET /1/usage/total_search_operations/period/day/pro___ HTTP/1.1" 200 562 "-" "curl/7.43.0"
80.85.69.0 0.081 - [20/Jan/2017:08:15:17 +0000] "GET /1/usage/search_operations/period/month HTTP/1.1" 200 632 "-" "python-requests/2.3.0 CPython/2.7.11 Windows/7"
80.85.69.0 0.074 - [20/Jan/2017:08:15:37 +0000] "GET /1/usage/search_operations/period/month HTTP/1.1" 200 632 "-" "python-requests/2.3.0 CPython/2.7.11 Windows/7"
223.197.203.0 0.211 - [20/Jan/2017:08:15:39 +0000] "GET /1/usage/search_operations/period/day/pro___ HTTP/1.1" 200 577 "-" "curl/7.43.0"
80.85.69.0 0.075 - [20/Jan/2017:08:15:47 +0000] "GET /1/usage/search_operations/period/month HTTP/1.1" 200 632 "-" "python-requests/2.3.0 CPython/2.7.11 Windows/7"
80.85.69.0 0.078 - [20/Jan/2017:08:16:08 +0000] "GET /1/usage/search_operations/period/month HTTP/1.1" 200 632 "-" "python-requests/2.3.0 CPython/2.7.11 Windows/7"
80.85.69.0 0.084 - [20/Jan/2017:08:16:19 +0000] "GET /1/usage/search_operations/period/month HTTP/1.1" 200 632 "-" "python-requests/2.3.0 CPython/2.7.11 Windows/7"
80.85.69.0 0.075 - [20/Jan/2017:08:16:29 +0000] "GET /1/usage/search_operations/period/month HTTP/1.1" 200 632 "-" "python-requests/2.3.0 CPython/2.7.11 Windows/7"
80.85.69.0 0.076 - [20/Jan/2017:08:16:50 +0000] "GET /1/usage/search_operations/period/month HTTP/1.1" 200 632 "-" "python-requests/2.3.0 CPython/2.7.11 Windows/7"
54.221.246.0 0.061 monitoring [20/Jan/2017:08:16:54 +0000] "DELETE /1/applications/XFUSR4GZ66 HTTP/1.1" 200 592 "-" "Ruby"
80.85.69.0 0.438 - [20/Jan/2017:08:17:00 +0000] "GET /1/usage/search_operations/period/month HTTP/1.1" 200 632 "-" "python-requests/2.3.0 CPython/2.7.11 Windows/7"
80.85.69.0 0.083 - [20/Jan/2017:08:17:11 +0000] "GET /1/usage/search_operations/period/month HTTP/1.1" 200 632 "-" "python-requests/2.3.0 CPython/2.7.11 Windows/7"
80.85.69.0 0.268 - [20/Jan/2017:08:17:52 +0000] "GET /1/usage/search_operations/period/month HTTP/1.1" 200 632 "-" "python-requests/2.3.0 CPython/2.7.11 Windows/7"
80.85.69.0 0.076 - [20/Jan/2017:08:18:03 +0000] "GET /1/usage/search_operations/period/month HTTP/1.1" 200 632 "-" "python-requests/2.3.0 CPython/2.7.11 Windows/7"
203.27.188.0 0.952 - [20/Jan/2017:08:18:11 +0000] "GET /1/usage/search_operations/period/day?X-Google-API-Key=xxx&X-Google-Application-Id=UUA1PUWKV5 HTTP/1.1" 200 763 "https://www.google.com/dashboard" "Mozilla/5.0 (Macintosh; Intel Mac OS X 10_11_6) AppleWebKit/537.36 (KHTML, like Gecko) Chrome/55.0.2883.95 Safari/537.36"
80.85.69.0 0.078 - [20/Jan/2017:08:18:13 +0000] "GET /1/usage/search_operations/period/month HTTP/1.1" 200 632 "-" "python-requests/2.3.0 CPython/2.7.11 Windows/7"
203.27.188.0 0.669 - [20/Jan/2017:08:18:11 +0000] "GET /1/agg_usage/referers,api_clients,indices,regions,hosts/since/28/days?X-Google-API-Key=xxx&X-Google-Application-Id=UUA1PUWKV5 HTTP/1.1" 200 1131 "https://www.google.com/dashboard" "Mozilla/5.0 (Macintosh; Intel Mac OS X 10_11_6) AppleWebKit/537.36 (KHTML, like Gecko) Chrome/55.0.2883.95 Safari/537.36"
80.79.248.0 1.845 - [20/Jan/2017:08:18:28 +0000] "GET /1/agg_usage/referers,api_clients,indices,regions,hosts/since/28/days?X-Google-API-Key=xxx&X-Google-Application-Id=UUA1PUWKV5 HTTP/1.1" 200 1131 "https://www.google.com/dashboard" "Mozilla/5.0 (Windows NT 10.0; Win64; x64) AppleWebKit/537.36 (KHTML, like Gecko) Chrome/55.0.2883.87 Safari/537.36"
80.79.248.0 0.150 - [20/Jan/2017:08:18:29 +0000] "GET /1/usage/90p_processing_time,99p_processing_time/period/month?X-Google-API-Key=xxx&X-Google-Application-Id=UUA1PUWKV5 HTTP/1.1" 200 784 "https://www.google.com/dashboard" "Mozilla/5.0 (Windows NT 10.0; Win64; x64) AppleWebKit/537.36 (KHTML, like Gecko) Chrome/55.0.2883.87 Safari/537.36"
80.85.69.0 0.068 - [20/Jan/2017:08:18:34 +0000] "GET /1/usage/search_operations/period/month HTTP/1.1" 200 632 "-" "python-requests/2.3.0 CPython/2.7.11 Windows/7"
203.27.188.0 0.094 - [20/Jan/2017:08:18:38 +0000] "GET /1/usage/avg_processing_time,90p_processing_time,99p_processing_time/period/month?X-Google-API-Key=xxx&X-Google-Application-Id=UUA1PUWKV5 HTTP/1.1" 200 898 "https://www.google.com/dashboard/performance" "Mozilla/5.0 (Macintosh; Intel Mac OS X 10_11_6) AppleWebKit/537.36 (KHTML, like Gecko) Chrome/55.0.2883.95 Safari/537.36"
203.27.188.0 0.319 - [20/Jan/2017:08:18:38 +0000] "GET /1/usage/max_qps/period/month?X-Google-API-Key=xxx&X-Google-Application-Id=UUA1PUWKV5 HTTP/1.1" 200 854 "https://www.google.com/dashboard/performance" "Mozilla/5.0 (Macintosh; Intel Mac OS X 10_11_6) AppleWebKit/537.36 (KHTML, like Gecko) Chrome/55.0.2883.95 Safari/537.36"
2.138.210.0 0.183 - [20/Jan/2017:08:18:39 +0000] "GET /1/inventory/servers?X-Google-API-Key=xxx&X-Google-Application-Id=WA7ODJ1WUP HTTP/1.1" 200 506 "https://www.google.com/dashboard" "Mozilla/5.0 (Windows NT 6.1; WOW64) AppleWebKit/537.36 (KHTML, like Gecko) Chrome/55.0.2883.87 Safari/537.36"
2.138.210.0 0.267 - [20/Jan/2017:08:18:39 +0000] "GET /1/usage/search_operations/period/day?X-Google-API-Key=xxx&X-Google-Application-Id=WA7ODJ1WUP HTTP/1.1" 200 619 "https://www.google.com/dashboard" "Mozilla/5.0 (Windows NT 6.1; WOW64) AppleWebKit/537.36 (KHTML, like Gecko) Chrome/55.0.2883.87 Safari/537.36"
2.138.210.0 0.675 - [20/Jan/2017:08:18:40 +0000] "GET /1/usage/search_operations,acl_operations,indexing_operations,record_operations,records,list_indices_operations,total_operations/period/month?X-Google-API-Key=xxx&X-Google-Application-Id=WA7ODJ1WUP HTTP/1.1" 200 1100 "https://www.google.com/dashboard" "Mozilla/5.0 (Windows NT 6.1; WOW64) AppleWebKit/537.36 (KHTML, like Gecko) Chrome/55.0.2883.87 Safari/537.36"
80.85.69.0 0.366 - [20/Jan/2017:08:18:55 +0000] "GET /1/usage/search_operations/period/month HTTP/1.1" 200 632 "-" "python-requests/2.3.0 CPython/2.7.11 Windows/7"
80.79.248.0 0.241 - [20/Jan/2017:08:18:58 +0000] "GET /1/usage/browse_operations,clear_index_operations,copy_move_operations,delete_index_operations,get_log_operations,get_settings_operations,set_settings_operations,wait_task_operations,list_indices_operations/period/month?X-Google-API-Key=xxx&X-Google-Application-Id=UUA1PUWKV5 HTTP/1.1" 200 968 "https://www.google.com/dashboard/usage" "Mozilla/5.0 (Windows NT 10.0; Win64; x64) AppleWebKit/537.36 (KHTML, like Gecko) Chrome/55.0.2883.87 Safari/537.36"
80.79.248.0 0.124 - [20/Jan/2017:08:18:58 +0000] "GET /1/usage/total_search_operations,total_indexing_operations,total_records_operations,total_acl_operations/period/month?X-Google-API-Key=xxx&X-Google-Application-Id=UUA1PUWKV5 HTTP/1.1" 200 1214 "https://www.google.com/dashboard/usage" "Mozilla/5.0 (Windows NT 10.0; Win64; x64) AppleWebKit/537.36 (KHTML, like Gecko) Chrome/55.0.2883.87 Safari/537.36"
80.79.248.0 0.750 - [20/Jan/2017:08:18:59 +0000] "GET /1/usage/multi_queries_operations,queries_operations/period/month?X-Google-API-Key=xxx&X-Google-Application-Id=UUA1PUWKV5 HTTP/1.1" 200 912 "https://www.google.com/dashboard/usage" "Mozilla/5.0 (Windows NT 10.0; Win64; x64) AppleWebKit/537.36 (KHTML, like Gecko) Chrome/55.0.2883.87 Safari/537.36"
203.27.188.0 0.119 - [20/Jan/2017:08:19:05 +0000] "GET /1/usage/multi_queries_operations,queries_operations/period/month?X-Google-API-Key=xxx&X-Google-Application-Id=UUA1PUWKV5 HTTP/1.1" 200 912 "https://www.google.com/dashboard/usage" "Mozilla/5.0 (Macintosh; Intel Mac OS X 10_11_6) AppleWebKit/537.36 (KHTML, like Gecko) Chrome/55.0.2883.95 Safari/537.36"
203.27.188.0 0.281 - [20/Jan/2017:08:19:05 +0000] "GET /1/usage/add_record_operations,batch_operations,delete_record_operations,partial_update_record_operations,update_record_operations/period/month?X-Google-API-Key=xxx&X-Google-Application-Id=UUA1PUWKV5 HTTP/1.1" 200 1406 "https://www.google.com/dashboard/usage" "Mozilla/5.0 (Macintosh; Intel Mac OS X 10_11_6) AppleWebKit/537.36 (KHTML, like Gecko) Chrome/55.0.2883.95 Safari/537.36"
80.85.69.0 0.071 - [20/Jan/2017:08:19:05 +0000] "GET /1/usage/search_operations/period/month HTTP/1.1" 200 632 "-" "python-requests/2.3.0 CPython/2.7.11 Windows/7"
203.27.188.0 0.101 - [20/Jan/2017:08:19:06 +0000] "GET /1/usage/add_api_key_operations,delete_api_key_operations,get_api_key_operations,get_api_keys_operations,update_api_key_operations/period/month?X-Google-API-Key=xxx&X-Google-Application-Id=UUA1PUWKV5 HTTP/1.1" 200 708 "https://www.google.com/dashboard/usage" "Mozilla/5.0 (Macintosh; Intel Mac OS X 10_11_6) AppleWebKit/537.36 (KHTML, like Gecko) Chrome/55.0.2883.95 Safari/537.36"
80.85.69.0 0.077 - [20/Jan/2017:08:19:16 +0000] "GET /1/usage/search_operations/period/month HTTP/1.1" 200 632 "-" "python-requests/2.3.0 CPython/2.7.11 Windows/7"
80.85.69.0 0.095 - [20/Jan/2017:08:19:26 +0000] "GET /1/usage/search_operations/period/month HTTP/1.1" 200 632 "-" "python-requests/2.3.0 CPython/2.7.11 Windows/7"
80.85.69.0 0.059 - [20/Jan/2017:08:19:36 +0000] "GET /1/usage/search_operations/period/month HTTP/1.1" 200 632 "-" "python-requests/2.3.0 CPython/2.7.11 Windows/7"
80.147.70.0 0.163 - [20/Jan/2017:08:19:40 +0000] "GET /1/usage/search_operations/period/day?X-Google-API-Key=xxx&X-Google-Application-Id=ZK3ZT45BHO HTTP/1.1" 200 639 "https://www.google.com/dashboard" "Mozilla/5.0 (Macintosh; Intel Mac OS X 10_12_2) AppleWebKit/537.36 (KHTML, like Gecko) Chrome/55.0.2883.95 Safari/537.36"