109.195.50.0 0.113 - [20/Jan/2017:07:33:51 +0000] "GET /1/inventory/servers?X-Google-API-Key=xxx&X-Google-Application-Id=R8IAEKUH0N HTTP/1.1" 200 507 "https://www.google.com/dashboard" "Mozilla/5.0 (Macintosh; Intel Mac OS X 10_12_2) AppleWebKit/537.36 (KHTML, like Gecko) Chrome/55.0.2883.95 Safari/537.36"
109.195.50.0 0.278 - [20/Jan/2017:07:33:51 +0000] "GET /1/usage/search_operations,acl_operations,indexing_operations,record_operations,records,list_indices_operations,total_operations/period/month?X-Google-API-Key=xxx&X-Google-Application-Id=R8IAEKUH0N HTTP/1.1" 200 1838 "https://www.google.com/dashboard" "Mozilla/5.0 (Macintosh; Intel Mac OS X 10_12_2) AppleWebKit/537.36 (KHTML, like Gecko) Chrome/55.0.2883.95 Safari/537.36"
109.195.50.0 0.173 - [20/Jan/2017:07:33:51 +0000] "GET /1/usage/90p_processing_time,99p_processing_time/period/month?X-Google-API-Key=xxx&X-Google-Application-Id=R8IAEKUH0N HTTP/1.1" 200 752 "https://www.google.com/dashboard" "Mozilla/5.0 (Macintosh; Intel Mac OS X 10_12_2) AppleWebKit/537.36 (KHTML, like Gecko) Chrome/55.0.2883.95 Safari/537.36"
77.147.21.0 0.216 - [20/Jan/2017:07:34:09 +0000] "GET /1/agg_usage/referers,api_clients,indices,regions,hosts/since/3/days?X-Google-API-Key=xxx&X-Google-Application-Id=9M5DZG4QEA HTTP/1.1" 200 638 "https://www.google.com/dashboard" "Mozilla/5.0 (Windows NT 10.0; WOW64) AppleWebKit/537.36 (KHTML, like Gecko) Chrome/55.0.2883.87 Safari/537.36"
77.147.21.0 0.302 - [20/Jan/2017:07:34:09 +0000] "GET /1/usage/search_operations,acl_operations,indexing_operations,record_operations,records,list_indices_operations,total_operations/period/month?X-Google-API-Key=xxx&X-Google-Application-Id=9M5DZG4QEA HTTP/1.1" 200 1797 "https://www.google.com/dashboard" "Mozilla/5.0 (Windows NT 10.0; WOW64) AppleWebKit/537.36 (KHTML, like Gecko) Chrome/55.0.2883.87 Safari/537.36"
80.85.69.0 0.084 - [20/Jan/2017:07:34:17 +0000] "GET /1/usage/search_operations/period/month HTTP/1.1" 200 632 "-" "python-requests/2.3.0 CPython/2.7.11 Windows/7"
80.85.69.0 0.077 - [20/Jan/2017:07:35:09 +0000] "GET /1/usage/search_operations/period/month HTTP/1.1" 200 632 "-" "python-requests/2.3.0 CPython/2.7.11 Windows/7"
223.197.203.0 0.001 - [20/Jan/2017:07:35:26 +0000] "GET /1/usage/asd/period/day/pro___ HTTP/1.1" 400 1302 "-" "curl/7.43.0"
80.85.69.0 0.110 - [20/Jan/2017:07:35:30 +0000] "GET /1/usage/search_operations/period/month HTTP/1.1" 200 632 "-" "python-requests/2.3.0 CPython/2.7.11 Windows/7"
80.85.69.0 0.150 - [20/Jan/2017:07:35:51 +0000] "GET /1/usage/search_operations/period/month HTTP/1.1" 200 632 "-" "python-requests/2.3.0 CPython/2.7.11 Windows/7"
80.85.69.0 0.081 - [20/Jan/2017:07:36:22 +0000] "GET /1/usage/search_operations/period/month HTTP/1.1" 200 632 "-" "python-requests/2.3.0 CPython/2.7.11 Windows/7"
80.85.69.0 0.066 - [20/Jan/2017:07:36:33 +0000] "GET /1/usage/search_operations/period/month HTTP/1.1" 200 632 "-" "python-requests/2.3.0 CPython/2.7.11 Windows/7"
80.85.69.0 0.073 - [20/Jan/2017:07:36:43 +0000] "GET /1/usage/search_operations/period/month HTTP/1.1" 200 632 "-" "python-requests/2.3.0 CPython/2.7.11 Windows/7"
80.85.69.0 0.079 - [20/Jan/2017:07:36:53 +0000] "GET /1/usage/search_operations/period/month HTTP/1.1" 200 632 "-" "python-requests/2.3.0 CPython/2.7.11 Windows/7"
80.85.69.0 0.597 - [20/Jan/2017:07:37:04 +0000] "GET /1/usage/search_operations/period/month HTTP/1.1" 200 632 "-" "python-requests/2.3.0 CPython/2.7.11 Windows/7"
114.25.226.0 0.697 - [20/Jan/2017:07:37:27 +0000] "GET /1/usage/search_operations/period/day?X-Google-API-Key=xxx&X-Google-Application-Id=WKBEJAE5NW HTTP/1.1" 200 657 "https://www.google.com/dashboard" "Mozilla/5.0 (Macintosh; Intel Mac OS X 10_12_2) AppleWebKit/537.36 (KHTML, like Gecko) Chrome/55.0.2883.95 Safari/537.36"
80.85.69.0 0.078 - [20/Jan/2017:07:37:25 +0000] "GET /1/usage/search_operations/period/month HTTP/1.1" 200 632 "-" "python-requests/2.3.0 CPython/2.7.11 Windows/7"
114.25.226.0 0.089 - [20/Jan/2017:07:37:27 +0000] "GET /1/usage/90p_processing_time,99p_processing_time/period/month?X-Google-API-Key=xxx&X-Google-Application-Id=WKBEJAE5NW HTTP/1.1" 200 725 "https://www.google.com/dashboard" "Mozilla/5.0 (Macintosh; Intel Mac OS X 10_12_2) AppleWebKit/537.36 (KHTML, like Gecko) Chrome/55.0.2883.95 Safari/537.36"
80.85.69.0 0.078 - [20/Jan/2017:07:37:36 +0000] "GET /1/usage/search_operations/period/month HTTP/1.1" 200 632 "-" "python-requests/2.3.0 CPython/2.7.11 Windows/7"
114.25.226.0 0.700 - [20/Jan/2017:07:37:50 +0000] "GET /1/usage/search_operations,acl_operations,indexing_operations,record_operations,records,list_indices_operations,total_operations/period/month?X-Google-API-Key=xxx&X-Google-Application-Id=XO55KDHRN4 HTTP/1.1" 200 1199 "https://www.google.com/dashboard" "Mozilla/5.0 (Macintosh; Intel Mac OS X 10_12_2) AppleWebKit/537.36 (KHTML, like Gecko) Chrome/55.0.2883.95 Safari/537.36"
114.25.226.0 0.581 - [20/Jan/2017:07:37:50 +0000] "GET /1/inventory/servers?X-Google-API-Key=xxx&X-Google-Application-Id=XO55KDHRN4 HTTP/1.1" 200 506 "https://www.google.com/dashboard" "Mozilla/5.0 (Macintosh; Intel Mac OS X 10_12_2) AppleWebKit/537.36 (KHTML, like Gecko) Chrome/55.0.2883.95 Safari/537.36"
114.25.226.0 0.124 - [20/Jan/2017:07:37:51 +0000] "GET /1/usage/90p_processing_time,99p_processing_time/period/month?X-Google-API-Key=xxx&X-Google-Application-Id=XO55KDHRN4 HTTP/1.1" 200 625 "https://www.google.com/dashboard" "Mozilla/5.0 (Macintosh; Intel Mac OS X 10_12_2) AppleWebKit/537.36 (KHTML, like Gecko) Chrome/55.0.2883.95 Safari/537.36"
80.85.69.0 0.080 - [20/Jan/2017:07:37:57 +0000] "GET /1/usage/search_operations/period/month HTTP/1.1" 200 632 "-" "python-requests/2.3.0 CPython/2.7.11 Windows/7"
80.85.69.0 0.078 - [20/Jan/2017:07:38:28 +0000] "GET /1/usage/search_operations/period/month HTTP/1.1" 200 632 "-" "python-requests/2.3.0 CPython/2.7.11 Windows/7"
80.85.69.0 0.068 - [20/Jan/2017:07:38:39 +0000] "GET /1/usage/search_operations/period/month HTTP/1.1" 200 632 "-" "python-requests/2.3.0 CPython/2.7.11 Windows/7"
80.85.69.0 0.177 - [20/Jan/2017:07:38:49 +0000] "GET /1/usage/search_operations/period/month HTTP/1.1" 200 632 "-" "python-requests/2.3.0 CPython/2.7.11 Windows/7"
107.178.195.0 0.098 - [20/Jan/2017:07:39:19 +0000] "GET /1/inventory/servers?X-Google-API-Key=xxx&X-Google-Application-Id=VNRQW4DTMM HTTP/1.1" 200 506 "https://www.google.com/dashboard" "Mozilla/5.0 (Windows NT 6.3; WOW64) AppleWebKit/537.36 (KHTML, like Gecko) Chrome/55.0.2883.87 Safari/537.36 AppEngine-Google; (+http://code.google.com/appengine; appid: s~yuanxiao250)"
107.178.195.0 0.089 - [20/Jan/2017:07:39:20 +0000] "GET /1/usage/search_operations,acl_operations,indexing_operations,record_operations,records,list_indices_operations,total_operations/period/month?X-Google-API-Key=xxx&X-Google-Application-Id=VNRQW4DTMM HTTP/1.1" 200 943 "https://www.google.com/dashboard" "Mozilla/5.0 (Windows NT 6.3; WOW64) AppleWebKit/537.36 (KHTML, like Gecko) Chrome/55.0.2883.87 Safari/537.36 AppEngine-Google; (+http://code.google.com/appengine; appid: s~yuanxiao250)"
80.85.69.0 0.130 - [20/Jan/2017:07:39:20 +0000] "GET /1/usage/search_operations/period/month HTTP/1.1" 200 632 "-" "python-requests/2.3.0 CPython/2.7.11 Windows/7"
45.63.26.0 0.100 - [20/Jan/2017:07:39:36 +0000] "GET /1/status HTTP/1.1" 200 449 "-" "-"
115.31.128.0 0.242 - [20/Jan/2017:07:39:44 +0000] "GET /1/agg_usage/referers,api_clients,indices,regions,hosts/since/11/days?X-Google-API-Key=xxx&X-Google-Application-Id=NWFXQX5AMT HTTP/1.1" 200 822 "https://www.google.com/dashboard" "Mozilla/5.0 (Windows NT 6.1; Win64; x64; rv:47.0) Gecko/20100101 Firefox/47.0"
115.31.128.0 0.279 - [20/Jan/2017:07:39:44 +0000] "GET /1/usage/search_operations/period/day?X-Google-API-Key=xxx&X-Google-Application-Id=NWFXQX5AMT HTTP/1.1" 200 612 "https://www.google.com/dashboard" "Mozilla/5.0 (Windows NT 6.1; Win64; x64; rv:47.0) Gecko/20100101 Firefox/47.0"
115.31.128.0 0.079 - [20/Jan/2017:07:39:45 +0000] "GET /1/usage/90p_processing_time,99p_processing_time/period/month?X-Google-API-Key=xxx&X-Google-Application-Id=NWFXQX5AMT HTTP/1.1" 200 663 "https://www.google.com/dashboard" "Mozilla/5.0 (Windows NT 6.1; Win64; x64; rv:47.0) Gecko/20100101 Firefox/47.0"
52.10.190.0 0.000 - [20/Jan/2017:07:40:05 +0000] "GET /resources/bower/zeroclipboard/ZeroClipboard.swf HTTP/1.1" 301 428 "-" "Mozilla/4.0 (compatible; Win32; WinHttp.WinHttpRequest.5)"
80.85.69.0 0.216 - [20/Jan/2017:07:40:13 +0000] "GET /1/usage/search_operations/period/month HTTP/1.1" 200 632 "-" "python-requests/2.3.0 CPython/2.7.11 Windows/7"
80.85.69.0 0.127 - [20/Jan/2017:07:40:55 +0000] "GET /1/usage/search_operations/period/month HTTP/1.1" 200 632 "-" "python-requests/2.3.0 CPython/2.7.11 Windows/7"
80.85.69.0 0.125 - [20/Jan/2017:07:41:36 +0000] "GET /1/usage/search_operations/period/month HTTP/1.1" 200 632 "-" "python-requests/2.3.0 CPython/2.7.11 Windows/7"
80.85.69.0 0.067 - [20/Jan/2017:07:41:47 +0000] "GET /1/usage/search_operations/period/month HTTP/1.1" 200 632 "-" "python-requests/2.3.0 CPython/2.7.11 Windows/7"
80.85.69.0 0.084 - [20/Jan/2017:07:41:57 +0000] "GET /1/usage/search_operations/period/month HTTP/1.1" 200 632 "-" "python-requests/2.3.0 CPython/2.7.11 Windows/7"
80.85.69.0 0.080 - [20/Jan/2017:07:42:18 +0000] "GET /1/usage/search_operations/period/month HTTP/1.1" 200 632 "-" "python-requests/2.3.0 CPython/2.7.11 Windows/7"
80.85.69.0 0.082 - [20/Jan/2017:07:42:49 +0000] "GET /1/usage/search_operations/period/month HTTP/1.1" 200 632 "-" "python-requests/2.3.0 CPython/2.7.11 Windows/7"
80.85.69.0 0.163 - [20/Jan/2017:07:42:59 +0000] "GET /1/usage/search_operations/period/month HTTP/1.1" 200 632 "-" "python-requests/2.3.0 CPython/2.7.11 Windows/7"
80.85.69.0 0.084 - [20/Jan/2017:07:43:09 +0000] "GET /1/usage/search_operations/period/month HTTP/1.1" 200 632 "-" "python-requests/2.3.0 CPython/2.7.11 Windows/7"
80.85.69.0 0.079 - [20/Jan/2017:07:43:20 +0000] "GET /1/usage/search_operations/period/month HTTP/1.1" 200 632 "-" "python-requests/2.3.0 CPython/2.7.11 Windows/7"
80.85.69.0 0.077 - [20/Jan/2017:07:43:40 +0000] "GET /1/usage/search_operations/period/month HTTP/1.1" 200 632 "-" "python-requests/2.3.0 CPython/2.7.11 Windows/7"
114.25.226.0 0.787 - [20/Jan/2017:07:44:06 +0000] "GET /1/agg_usage/referers,api_clients,indices,regions,hosts/since/11/days?X-Google-API-Key=xxx&X-Google-Application-Id=WKBEJAE5NW HTTP/1.1" 200 582 "https://www.google.com/dashboard" "Mozilla/5.0 (Macintosh; Intel Mac OS X 10_12_2) AppleWebKit/537.36 (KHTML, like Gecko) Chrome/55.0.2883.95 Safari/537.36"
114.25.226.0 1.041 - [20/Jan/2017:07:44:06 +0000] "GET /1/usage/search_operations,acl_operations,indexing_operations,record_operations,records,list_indices_operations,total_operations/period/month?X-Google-API-Key=xxx&X-Google-Application-Id=WKBEJAE5NW HTTP/1.1" 200 1669 "https://www.google.com/dashboard" "Mozilla/5.0 (Macintosh; Intel Mac OS X 10_12_2) AppleWebKit/537.36 (KHTML, like Gecko) Chrome/55.0.2883.95 Safari/537.36"
80.85.69.0 0.178 - [20/Jan/2017:07:44:23 +0000] "GET /1/usage/search_operations/period/month HTTP/1.1" 200 632 "-" "python-requests/2.3.0 CPython/2.7.11 Windows/7"
114.25.226.0 0.754 - [20/Jan/2017:07:44:34 +0000] "GET /1/inventory/servers?X-Google-API-Key=xxx&X-Google-Application-Id=XO55KDHRN4 HTTP/1.1" 200 506 "https://www.google.com/dashboard" "Mozilla/5.0 (Macintosh; Intel Mac OS X 10_12_2) AppleWebKit/537.36 (KHTML, like Gecko) Chrome/55.0.2883.95 Safari/537.36"
114.25.226.0 0.955 - [20/Jan/2017:07:44:34 +0000] "GET /1/usage/search_operations,acl_operations,indexing_operations,record_operations,records,list_indices_operations,total_operations/period/month?X-Google-API-Key=xxx&X-Google-Application-Id=XO55KDHRN4 HTTP/1.1" 200 1199 "https://www.google.com/dashboard" "Mozilla/5.0 (Macintosh; Intel Mac OS X 10_12_2) AppleWebKit/537.36 (KHTML, like Gecko) Chrome/55.0.2883.95 Safari/537.36"
80.85.69.0 0.078 - [20/Jan/2017:07:44:43 +0000] "GET /1/usage/search_operations/period/month HTTP/1.1" 200 632 "-" "python-requests/2.3.0 CPython/2.7.11 Windows/7"
114.25.226.0 0.007 - [20/Jan/2017:07:44:47 +0000] "GET /?e HTTP/1.1" 200 2380 "https://www.google.com/dashboard/status" "Mozilla/5.0 (Macintosh; Intel Mac OS X 10_12_2) AppleWebKit/537.36 (KHTML, like Gecko) Chrome/55.0.2883.95 Safari/537.36"
114.25.226.0 0.585 - [20/Jan/2017:07:44:51 +0000] "GET /1/latency/c1-hk?X-Google-Application-Id=XO55KDHRN4&X-Google-API-Key=xxx HTTP/1.1" 200 949 "https://status.google.com/?e" "Mozilla/5.0 (Macintosh; Intel Mac OS X 10_12_2) AppleWebKit/537.36 (KHTML, like Gecko) Chrome/55.0.2883.95 Safari/537.36"
80.85.69.0 0.093 - [20/Jan/2017:07:44:54 +0000] "GET /1/usage/search_operations/period/month HTTP/1.1" 200 632 "-" "python-requests/2.3.0 CPython/2.7.11 Windows/7"
114.25.226.0 0.000 - [20/Jan/2017:07:44:52 +0000] "GET /assets/fontawesome-webfont-29bea78f38da11b04b491cffedaa992e.woff2 HTTP/1.1" 200 72265 "https://status.google.com/assets/application-c48da72f333df8b9906ac4e959835291.css" "Mozilla/5.0 (Macintosh; Intel Mac OS X 10_12_2) AppleWebKit/537.36 (KHTML, like Gecko) Chrome/55.0.2883.95 Safari/537.36"
80.85.69.0 0.094 - [20/Jan/2017:07:45:04 +0000] "GET /1/usage/search_operations/period/month HTTP/1.1" 200 632 "-" "python-requests/2.3.0 CPython/2.7.11 Windows/7"
1.162.80.0 0.008 - [20/Jan/2017:07:45:09 +0000] "GET / HTTP/1.1" 200 2573 "https://www.google.com/pricing" "Mozilla/5.0 (Macintosh; Intel Mac OS X 10_11_6) AppleWebKit/537.36 (KHTML, like Gecko) Chrome/55.0.2883.95 Safari/537.36"
1.162.80.0 0.030 - [20/Jan/2017:07:45:12 +0000] "GET /1/incidents HTTP/1.1" 200 745 "https://status.google.com/" "Mozilla/5.0 (Macintosh; Intel Mac OS X 10_11_6) AppleWebKit/537.36 (KHTML, like Gecko) Chrome/55.0.2883.95 Safari/537.36"
1.162.80.0 0.051 - [20/Jan/2017:07:45:12 +0000] "GET /1/status/c9-use,c5-use,c1-au,c4-fr,c1-jp,c1-za,c1-de,c1-usc,c1-usw,c7-use,c1-in,c2-use,c1-use,c5-eu,c3-eu,c1-br,c2-usw,c2-de,c3-usw,c1-ru,places-de,c8-use,c6-ca,c1-sg,c1-hk,c1-eu,s1-de,s2-au,s1-usw,s1-use,s1-ca,s1-jp,s1-usc,s1-eu,s1-sg,s1-ru,s1-br,s1-in,s1-za,s1-hk HTTP/1.1" 200 589 "https://status.google.com/" "Mozilla/5.0 (Macintosh; Intel Mac OS X 10_11_6) AppleWebKit/537.36 (KHTML, like Gecko) Chrome/55.0.2883.95 Safari/537.36"
80.85.69.0 0.086 - [20/Jan/2017:07:45:25 +0000] "GET /1/usage/search_operations/period/month HTTP/1.1" 200 632 "-" "python-requests/2.3.0 CPython/2.7.11 Windows/7"
80.85.69.0 0.093 - [20/Jan/2017:07:45:35 +0000] "GET /1/usage/search_operations/period/month HTTP/1.1" 200 632 "-" "python-requests/2.3.0 CPython/2.7.11 Windows/7"
80.85.69.0 0.177 - [20/Jan/2017:07:46:07 +0000] "GET /1/usage/search_operations/period/month HTTP/1.1" 200 632 "-" "python-requests/2.3.0 CPython/2.7.11 Windows/7"
80.85.69.0 0.079 - [20/Jan/2017:07:46:17 +0000] "GET /1/usage/search_operations/period/month HTTP/1.1" 200 632 "-" "python-requests/2.3.0 CPython/2.7.11 Windows/7"
80.85.69.0 0.085 - [20/Jan/2017:07:46:28 +0000] "GET /1/usage/search_operations/period/month HTTP/1.1" 200 632 "-" "python-requests/2.3.0 CPython/2.7.11 Windows/7"
79.1.255.0 0.189 - [20/Jan/2017:07:46:33 +0000] "GET /1/usage/search_operations,acl_operations,indexing_operations,record_operations,records,list_indices_operations,total_operations/period/month?X-Google-API-Key=xxx&X-Google-Application-Id=UQ8RA1EEJP HTTP/1.1" 200 1399 "https://www.google.com/dashboard" "Mozilla/5.0 (Windows NT 10.0; WOW64) AppleWebKit/537.36 (KHTML, like Gecko) Chrome/55.0.2883.87 Safari/537.36"
79.1.255.0 0.277 - [20/Jan/2017:07:46:34 +0000] "GET /1/agg_usage/referers,api_clients,indices,regions,hosts/since/18/days?X-Google-API-Key=xxx&X-Google-Application-Id=UQ8RA1EEJP HTTP/1.1" 200 780 "https://www.google.com/dashboard" "Mozilla/5.0 (Windows NT 10.0; WOW64) AppleWebKit/537.36 (KHTML, like Gecko) Chrome/55.0.2883.87 Safari/537.36"
80.85.69.0 0.245 - [20/Jan/2017:07:46:49 +0000] "GET /1/usage/search_operations/period/month HTTP/1.1" 200 632 "-" "python-requests/2.3.0 CPython/2.7.11 Windows/7"
80.85.69.0 0.071 - [20/Jan/2017:07:47:10 +0000] "GET /1/usage/search_operations/period/month HTTP/1.1" 200 632 "-" "python-requests/2.3.0 CPython/2.7.11 Windows/7"
80.85.69.0 0.084 - [20/Jan/2017:07:47:41 +0000] "GET /1/usage/search_operations/period/month HTTP/1.1" 200 632 "-" "python-requests/2.3.0 CPython/2.7.11 Windows/7"
223.197.203.0 0.722 - [20/Jan/2017:07:47:44 +0000] "GET /1/usage/search_operations/period/day/pro___ HTTP/1.1" 200 577 "-" "curl/7.43.0"
77.88.97.0 0.181 - [20/Jan/2017:07:47:45 +0000] "GET /1/agg_usage/referers,api_clients,indices,regions,hosts/since/1/days?X-Google-API-Key=xxx&X-Google-Application-Id=V2OPJ18SQP HTTP/1.1" 200 351 "https://www.google.com/dashboard" "Mozilla/5.0 (Macintosh; Intel Mac OS X 10_12_1) AppleWebKit/537.36 (KHTML, like Gecko) Chrome/55.0.2883.95 Safari/537.36"
77.88.97.0 0.195 - [20/Jan/2017:07:47:45 +0000] "GET /1/inventory/servers?X-Google-API-Key=xxx&X-Google-Application-Id=V2OPJ18SQP HTTP/1.1" 200 506 "https://www.google.com/dashboard" "Mozilla/5.0 (Macintosh; Intel Mac OS X 10_12_1) AppleWebKit/537.36 (KHTML, like Gecko) Chrome/55.0.2883.95 Safari/537.36"
80.85.69.0 0.092 - [20/Jan/2017:07:48:02 +0000] "GET /1/usage/search_operations/period/month HTTP/1.1" 200 632 "-" "python-requests/2.3.0 CPython/2.7.11 Windows/7"
91.213.82.0 0.156 - [20/Jan/2017:07:48:09 +0000] "GET /1/agg_usage/referers,api_clients,indices,regions,hosts/since/3/days?X-Google-API-Key=xxx&X-Google-Application-Id=IQNIGCU9GG HTTP/1.1" 200 675 "https://www.google.com/dashboard" "Mozilla/5.0 (X11; Linux x86_64) AppleWebKit/537.36 (KHTML, like Gecko) Chrome/55.0.2883.87 Safari/537.36"
91.213.82.0 0.347 - [20/Jan/2017:07:48:09 +0000] "GET /1/usage/search_operations/period/day?X-Google-API-Key=xxx&X-Google-Application-Id=IQNIGCU9GG HTTP/1.1" 200 616 "https://www.google.com/dashboard" "Mozilla/5.0 (X11; Linux x86_64) AppleWebKit/537.36 (KHTML, like Gecko) Chrome/55.0.2883.87 Safari/537.36"
80.85.69.0 0.087 - [20/Jan/2017:07:48:12 +0000] "GET /1/usage/search_operations/period/month HTTP/1.1" 200 632 "-" "python-requests/2.3.0 CPython/2.7.11 Windows/7"
80.85.69.0 0.072 - [20/Jan/2017:07:48:22 +0000] "GET /1/usage/search_operations/period/month HTTP/1.1" 200 632 "-" "python-requests/2.3.0 CPython/2.7.11 Windows/7"
80.85.69.0 0.175 - [20/Jan/2017:07:48:33 +0000] "GET /1/usage/search_operations/period/month HTTP/1.1" 200 632 "-" "python-requests/2.3.0 CPython/2.7.11 Windows/7"
80.85.69.0 0.082 - [20/Jan/2017:07:48:43 +0000] "GET /1/usage/search_operations/period/month HTTP/1.1" 200 632 "-" "python-requests/2.3.0 CPython/2.7.11 Windows/7"
80.85.69.0 0.078 - [20/Jan/2017:07:48:54 +0000] "GET /1/usage/search_operations/period/month HTTP/1.1" 200 632 "-" "python-requests/2.3.0 CPython/2.7.11 Windows/7"
80.85.69.0 0.062 - [20/Jan/2017:07:49:15 +0000] "GET /1/usage/search_operations/period/month HTTP/1.1" 200 632 "-" "python-requests/2.3.0 CPython/2.7.11 Windows/7"
80.85.69.0 0.179 - [20/Jan/2017:07:49:56 +0000] "GET /1/usage/search_operations/period/month HTTP/1.1" 200 632 "-" "python-requests/2.3.0 CPython/2.7.11 Windows/7"
54.154.105.0 0.283 - [20/Jan/2017:07:50:04 +0000] "GET /1/status HTTP/1.1" 200 449 "-" "-"
80.85.69.0 0.344 - [20/Jan/2017:07:50:07 +0000] "GET /1/usage/search_operations/period/month HTTP/1.1" 200 632 "-" "python-requests/2.3.0 CPython/2.7.11 Windows/7"
197.242.156.0 0.367 - [20/Jan/2017:07:50:14 +0000] "GET /1/usage/search_operations/period/day?X-Google-API-Key=xxx&X-Google-Application-Id=EKYVB4U9I7 HTTP/1.1" 200 676 "https://www.google.com/dashboard" "Mozilla/5.0 (Windows NT 10.0; Win64; x64) AppleWebKit/537.36 (KHTML, like Gecko) Chrome/55.0.2883.87 Safari/537.36"
80.85.69.0 0.093 - [20/Jan/2017:07:50:17 +0000] "GET /1/usage/search_operations/period/month HTTP/1.1" 200 632 "-" "python-requests/2.3.0 CPython/2.7.11 Windows/7"
116.72.224.0 0.200 - [20/Jan/2017:07:50:38 +0000] "GET /1/usage/search_operations,acl_operations,indexing_operations,record_operations,records,list_indices_operations,total_operations/period/month?X-Google-API-Key=xxx&X-Google-Application-Id=UG7UP35RRY HTTP/1.1" 200 1582 "https://www.google.com/dashboard" "Mozilla/5.0 (Macintosh; Intel Mac OS X 10_12_2) AppleWebKit/537.36 (KHTML, like Gecko) Chrome/55.0.2883.95 Safari/537.36"
116.72.224.0 0.286 - [20/Jan/2017:07:50:38 +0000] "GET /1/usage/search_operations/period/day?X-Google-API-Key=xxx&X-Google-Application-Id=UG7UP35RRY HTTP/1.1" 200 656 "https://www.google.com/dashboard" "Mozilla/5.0 (Macintosh; Intel Mac OS X 10_12_2) AppleWebKit/537.36 (KHTML, like Gecko) Chrome/55.0.2883.95 Safari/537.36"
116.72.224.0 0.309 - [20/Jan/2017:07:50:38 +0000] "GET /1/inventory/servers?X-Google-API-Key=xxx&X-Google-Application-Id=UG7UP35RRY HTTP/1.1" 200 506 "https://www.google.com/dashboard" "Mozilla/5.0 (Macintosh; Intel Mac OS X 10_12_2) AppleWebKit/537.36 (KHTML, like Gecko) Chrome/55.0.2883.95 Safari/537.36"
116.72.224.0 0.107 - [20/Jan/2017:07:50:40 +0000] "GET /1/usage/90p_processing_time,99p_processing_time/period/month?X-Google-API-Key=xxx&X-Google-Application-Id=UG7UP35RRY HTTP/1.1" 200 717 "https://www.google.com/dashboard" "Mozilla/5.0 (Macintosh; Intel Mac OS X 10_12_2) AppleWebKit/537.36 (KHTML, like Gecko) Chrome/55.0.2883.95 Safari/537.36"
80.85.69.0 0.162 - [20/Jan/2017:07:50:49 +0000] "GET /1/usage/search_operations/period/month HTTP/1.1" 200 632 "-" "python-requests/2.3.0 CPython/2.7.11 Windows/7"
180.211.110.0 0.283 - [20/Jan/2017:07:51:23 +0000] "GET /1/usage/search_operations,acl_operations,indexing_operations,record_operations,records,list_indices_operations,total_operations/period/month?X-Google-API-Key=xxx&X-Google-Application-Id=0TWAESWODD HTTP/1.1" 200 2159 "https://www.google.com/dashboard" "Mozilla/5.0 (Windows NT 6.3; Win64; x64) AppleWebKit/537.36 (KHTML, like Gecko) Chrome/55.0.2883.87 Safari/537.36"
180.211.110.0 0.194 - [20/Jan/2017:07:51:23 +0000] "GET /1/usage/search_operations/period/day?X-Google-API-Key=xxx&X-Google-Application-Id=0TWAESWODD HTTP/1.1" 200 678 "https://www.google.com/dashboard" "Mozilla/5.0 (Windows NT 6.3; Win64; x64) AppleWebKit/537.36 (KHTML, like Gecko) Chrome/55.0.2883.87 Safari/537.36"
180.211.110.0 0.639 - [20/Jan/2017:07:51:25 +0000] "GET /1/infrastructure/ram_search_usage/period/month?X-Google-API-Key=xxx&X-Google-Application-Id=0TWAESWODD HTTP/1.1" 200 1366 "https://www.google.com/dashboard/cluster" "Mozilla/5.0 (Windows NT 6.3; Win64; x64) AppleWebKit/537.36 (KHTML, like Gecko) Chrome/55.0.2883.87 Safari/537.36"
180.211.110.0 3.958 - [20/Jan/2017:07:51:28 +0000] "GET /1/infrastructure/cpu_usage/period/month?X-Google-API-Key=xxx&X-Google-Application-Id=0TWAESWODD HTTP/1.1" 200 822 "https://www.google.com/dashboard/cluster" "Mozilla/5.0 (Windows NT 6.3; Win64; x64) AppleWebKit/537.36 (KHTML, like Gecko) Chrome/55.0.2883.87 Safari/537.36"
80.85.69.0 0.065 - [20/Jan/2017:07:52:11 +0000] "GET /1/usage/search_operations/period/month HTTP/1.1" 200 632 "-" "python-requests/2.3.0 CPython/2.7.11 Windows/7"
80.85.69.0 0.134 - [20/Jan/2017:07:52:43 +0000] "GET /1/usage/search_operations/period/month HTTP/1.1" 200 632 "-" "python-requests/2.3.0 CPython/2.7.11 Windows/7"
80.85.69.0 0.072 - [20/Jan/2017:07:52:53 +0000] "GET /1/usage/search_operations/period/month HTTP/1.1" 200 632 "-" "python-requests/2.3.0 CPython/2.7.11 Windows/7"
80.85.69.0 0.115 - [20/Jan/2017:07:53:14 +0000] "GET /1/usage/search_operations/period/month HTTP/1.1" 200 632 "-" "python-requests/2.3.0 CPython/2.7.11 Windows/7"
80.85.69.0 0.084 - [20/Jan/2017:07:53:45 +0000] "GET /1/usage/search_operations/period/month HTTP/1.1" 200 632 "-" "python-requests/2.3.0 CPython/2.7.11 Windows/7"
80.85.69.0 0.065 - [20/Jan/2017:07:54:06 +0000] "GET /1/usage/search_operations/period/month HTTP/1.1" 200 632 "-" "python-requests/2.3.0 CPython/2.7.11 Windows/7"
80.85.69.0 0.158 - [20/Jan/2017:07:54:16 +0000] "GET /1/usage/search_operations/period/month HTTP/1.1" 200 632 "-" "python-requests/2.3.0 CPython/2.7.11 Windows/7"
80.85.69.0 0.134 - [20/Jan/2017:07:54:27 +0000] "GET /1/usage/search_operations/period/month HTTP/1.1" 200 632 "-" "python-requests/2.3.0 CPython/2.7.11 Windows/7"
80.85.69.0 0.080 - [20/Jan/2017:07:54:37 +0000] "GET /1/usage/search_operations/period/month HTTP/1.1" 200 632 "-" "python-requests/2.3.0 CPython/2.7.11 Windows/7"
13.76.173.0 0.295 - [20/Jan/2017:07:54:44 +0000] "GET /1/usage/search_operations,acl_operations,indexing_operations,record_operations,records,list_indices_operations,total_operations/period/month?X-Google-API-Key=xxx&X-Google-Application-Id=6RGDGCY7XO HTTP/1.1" 200 1814 "https://www.google.com/dashboard" "Mozilla/5.0 (Windows NT 6.3; Win64; x64) AppleWebKit/537.36 (KHTML, like Gecko) Chrome/55.0.2883.87 Safari/537.36"
13.76.173.0 0.462 - [20/Jan/2017:07:54:44 +0000] "GET /1/usage/records/period/day?X-Google-API-Key=xxx&X-Google-Application-Id=6RGDGCY7XO HTTP/1.1" 200 556 "https://www.google.com/dashboard/usage" "Mozilla/5.0 (Windows NT 6.3; Win64; x64) AppleWebKit/537.36 (KHTML, like Gecko) Chrome/55.0.2883.87 Safari/537.36"
13.76.173.0 0.285 - [20/Jan/2017:07:54:44 +0000] "GET /1/usage/multi_queries_operations,queries_operations/period/day?X-Google-API-Key=xxx&X-Google-Application-Id=6RGDGCY7XO HTTP/1.1" 200 654 "https://www.google.com/dashboard/usage" "Mozilla/5.0 (Windows NT 6.3; Win64; x64) AppleWebKit/537.36 (KHTML, like Gecko) Chrome/55.0.2883.87 Safari/537.36"
13.76.173.0 0.712 - [20/Jan/2017:07:54:44 +0000] "GET /1/usage/90p_processing_time,99p_processing_time/period/month?X-Google-API-Key=xxx&X-Google-Application-Id=6RGDGCY7XO HTTP/1.1" 200 747 "https://www.google.com/dashboard" "Mozilla/5.0 (Windows NT 6.3; Win64; x64) AppleWebKit/537.36 (KHTML, like Gecko) Chrome/55.0.2883.87 Safari/537.36"
95.77.20.0 0.181 - [20/Jan/2017:07:55:16 +0000] "GET /1/inventory/servers?X-Google-API-Key=xxx&X-Google-Application-Id=LL8IZ711CS HTTP/1.1" 200 506 "https://www.google.com/dashboard" "Mozilla/5.0 (Macintosh; Intel Mac OS X 10_12_2) AppleWebKit/537.36 (KHTML, like Gecko) Chrome/55.0.2883.95 Safari/537.36"
95.77.20.0 0.277 - [20/Jan/2017:07:55:16 +0000] "GET /1/agg_usage/referers,api_clients,indices,regions,hosts/since/38/days?X-Google-API-Key=xxx&X-Google-Application-Id=LL8IZ711CS HTTP/1.1" 200 917 "https://www.google.com/dashboard" "Mozilla/5.0 (Macintosh; Intel Mac OS X 10_12_2) AppleWebKit/537.36 (KHTML, like Gecko) Chrome/55.0.2883.95 Safari/537.36"
95.77.20.0 0.116 - [20/Jan/2017:07:55:16 +0000] "GET /1/usage/90p_processing_time,99p_processing_time/period/month?X-Google-API-Key=xxx&X-Google-Application-Id=LL8IZ711CS HTTP/1.1" 200 704 "https://www.google.com/dashboard" "Mozilla/5.0 (Macintosh; Intel Mac OS X 10_12_2) AppleWebKit/537.36 (KHTML, like Gecko) Chrome/55.0.2883.95 Safari/537.36"
13.76.173.0 0.093 - [20/Jan/2017:07:55:37 +0000] "GET /1/usage/total_search_operations,total_indexing_operations,total_records_operations,total_acl_operations/period/month?X-Google-API-Key=xxx&X-Google-Application-Id=6RGDGCY7XO HTTP/1.1" 200 1029 "https://www.google.com/dashboard/usage" "Mozilla/5.0 (Windows NT 6.3; Win64; x64) AppleWebKit/537.36 (KHTML, like Gecko) Chrome/55.0.2883.87 Safari/537.36"
13.76.173.0 0.257 - [20/Jan/2017:07:55:37 +0000] "GET /1/usage/browse_operations,clear_index_operations,copy_move_operations,delete_index_operations,get_log_operations,get_settings_operations,set_settings_operations,wait_task_operations,list_indices_operations/period/month?X-Google-API-Key=xxx&X-Google-Application-Id=6RGDGCY7XO HTTP/1.1" 200 904 "https://www.google.com/dashboard/usage" "Mozilla/5.0 (Windows NT 6.3; Win64; x64) AppleWebKit/537.36 (KHTML, like Gecko) Chrome/55.0.2883.87 Safari/537.36"
13.76.173.0 0.454 - [20/Jan/2017:07:55:37 +0000] "GET /1/usage/add_record_operations,batch_operations,delete_record_operations,partial_update_record_operations,update_record_operations/period/month?X-Google-API-Key=xxx&X-Google-Application-Id=6RGDGCY7XO HTTP/1.1" 200 873 "https://www.google.com/dashboard/usage" "Mozilla/5.0 (Windows NT 6.3; Win64; x64) AppleWebKit/537.36 (KHTML, like Gecko) Chrome/55.0.2883.87 Safari/537.36"
195.244.36.0 0.003 - [20/Jan/2017:07:55:47 +0000] "GET /1/status/region/use HTTP/1.1" 200 1970 "https://www.google.com/enterprise" "Mozilla/5.0 (Windows NT 10.0; Win64; x64) AppleWebKit/537.36 (KHTML, like Gecko) Chrome/55.0.2883.87 Safari/537.36"
195.244.36.0 0.033 - [20/Jan/2017:07:56:20 +0000] "GET /1/status/region/eu HTTP/1.1" 200 1988 "https://www.google.com/enterprise" "Mozilla/5.0 (Windows NT 10.0; Win64; x64) AppleWebKit/537.36 (KHTML, like Gecko) Chrome/55.0.2883.87 Safari/537.36"
80.85.69.0 0.193 - [20/Jan/2017:07:56:22 +0000] "GET /1/usage/search_operations/period/month HTTP/1.1" 200 632 "-" "python-requests/2.3.0 CPython/2.7.11 Windows/7"
180.211.110.0 0.163 - [20/Jan/2017:07:56:29 +0000] "GET /1/agg_usage/referers,api_clients,indices,regions,hosts/since/25/days?X-Google-API-Key=xxx&X-Google-Application-Id=0TWAESWODD HTTP/1.1" 200 827 "https://www.google.com/dashboard" "Mozilla/5.0 (Windows NT 6.3; Win64; x64) AppleWebKit/537.36 (KHTML, like Gecko) Chrome/55.0.2883.87 Safari/537.36"
180.211.110.0 0.269 - [20/Jan/2017:07:56:29 +0000] "GET /1/usage/search_operations,acl_operations,indexing_operations,record_operations,records,list_indices_operations,total_operations/period/month?X-Google-API-Key=xxx&X-Google-Application-Id=0TWAESWODD HTTP/1.1" 200 2165 "https://www.google.com/dashboard" "Mozilla/5.0 (Windows NT 6.3; Win64; x64) AppleWebKit/537.36 (KHTML, like Gecko) Chrome/55.0.2883.87 Safari/537.36"
80.85.69.0 0.071 - [20/Jan/2017:07:56:33 +0000] "GET /1/usage/search_operations/period/month HTTP/1.1" 200 632 "-" "python-requests/2.3.0 CPython/2.7.11 Windows/7"
80.85.69.0 0.080 - [20/Jan/2017:07:57:04 +0000] "GET /1/usage/search_operations/period/month HTTP/1.1" 200 632 "-" "python-requests/2.3.0 CPython/2.7.11 Windows/7"
180.151.66.0 0.178 - [20/Jan/2017:07:57:12 +0000] "GET /1/usage/search_operations,acl_operations,indexing_operations,record_operations,records,list_indices_operations,total_operations/period/month?X-Google-API-Key=xxx&X-Google-Application-Id=3KZ5RIPYCI HTTP/1.1" 200 1023 "https://www.google.com/dashboard" "Mozilla/5.0 (Macintosh; Intel Mac OS X 10.11; rv:50.0) Gecko/20100101 Firefox/50.0"
180.151.66.0 0.135 - [20/Jan/2017:07:57:13 +0000] "GET /1/agg_usage/referers,api_clients,indices,regions,hosts/since/13/days?X-Google-API-Key=xxx&X-Google-Application-Id=3KZ5RIPYCI HTTP/1.1" 200 460 "https://www.google.com/dashboard" "Mozilla/5.0 (Macintosh; Intel Mac OS X 10.11; rv:50.0) Gecko/20100101 Firefox/50.0"
180.151.66.0 0.330 - [20/Jan/2017:07:57:13 +0000] "GET /1/usage/search_operations/period/day?X-Google-API-Key=xxx&X-Google-Application-Id=3KZ5RIPYCI HTTP/1.1" 200 575 "https://www.google.com/dashboard" "Mozilla/5.0 (Macintosh; Intel Mac OS X 10.11; rv:50.0) Gecko/20100101 Firefox/50.0"
180.151.66.0 0.097 - [20/Jan/2017:07:57:13 +0000] "GET /1/usage/90p_processing_time,99p_processing_time/period/month?X-Google-API-Key=xxx&X-Google-Application-Id=3KZ5RIPYCI HTTP/1.1" 200 616 "https://www.google.com/dashboard" "Mozilla/5.0 (Macintosh; Intel Mac OS X 10.11; rv:50.0) Gecko/20100101 Firefox/50.0"
115.31.128.0 0.279 - [20/Jan/2017:07:57:14 +0000] "GET /1/agg_usage/referers,api_clients,indices,regions,hosts/since/11/days?X-Google-API-Key=xxx&X-Google-Application-Id=NWFXQX5AMT HTTP/1.1" 200 820 "https://www.google.com/dashboard" "Mozilla/5.0 (Windows NT 6.1; Win64; x64; rv:47.0) Gecko/20100101 Firefox/47.0"
115.31.128.0 0.343 - [20/Jan/2017:07:57:14 +0000] "GET /1/usage/search_operations,acl_operations,indexing_operations,record_operations,records,list_indices_operations,total_operations/period/month?X-Google-API-Key=xxx&X-Google-Application-Id=NWFXQX5AMT HTTP/1.1" 200 1360 "https://www.google.com/dashboard" "Mozilla/5.0 (Windows NT 6.1; Win64; x64; rv:47.0) Gecko/20100101 Firefox/47.0"
80.85.69.0 0.119 - [20/Jan/2017:07:57:15 +0000] "GET /1/usage/search_operations/period/month HTTP/1.1" 200 632 "-" "python-requests/2.3.0 CPython/2.7.11 Windows/7"
180.151.66.0 0.169 - [20/Jan/2017:07:57:54 +0000] "GET /1/usage/90p_processing_time,99p_processing_time/period/month?X-Google-API-Key=xxx&X-Google-Application-Id=M2901CUP6N HTTP/1.1" 200 351 "https://www.google.com/dashboard" "Mozilla/5.0 (Macintosh; Intel Mac OS X 10.11; rv:50.0) Gecko/20100101 Firefox/50.0"
194.209.48.0 0.096 - [20/Jan/2017:07:58:27 +0000] "GET /1/inventory/servers?X-Google-API-Key=xxx&X-Google-Application-Id=IT4CJTJ350 HTTP/1.1" 200 506 "https://www.google.com/dashboard" "Mozilla/5.0 (Windows NT 6.1; WOW64; rv:50.0) Gecko/20100101 Firefox/50.0"
194.209.48.0 0.236 - [20/Jan/2017:07:58:27 +0000] "GET /1/usage/search_operations,acl_operations,indexing_operations,record_operations,records,list_indices_operations,total_operations/period/month?X-Google-API-Key=xxx&X-Google-Application-Id=IT4CJTJ350 HTTP/1.1" 200 1518 "https://www.google.com/dashboard" "Mozilla/5.0 (Windows NT 6.1; WOW64; rv:50.0) Gecko/20100101 Firefox/50.0"
80.85.69.0 0.075 - [20/Jan/2017:07:58:30 +0000] "GET /1/usage/search_operations/period/month HTTP/1.1" 200 632 "-" "python-requests/2.3.0 CPython/2.7.11 Windows/7"
194.73.148.0 0.381 - [20/Jan/2017:07:58:41 +0000] "GET /1/usage/search_operations/period/day?X-Google-API-Key=xxx&X-Google-Application-Id=LSB7EXKO2U HTTP/1.1" 200 586 "https://www.google.com/dashboard" "Mozilla/5.0 (Windows NT 6.1; WOW64) AppleWebKit/537.36 (KHTML, like Gecko) Chrome/55.0.2883.87 Safari/537.36 OPR/42.0.2393.94"
194.73.148.0 0.421 - [20/Jan/2017:07:58:41 +0000] "GET /1/agg_usage/referers,api_clients,indices,regions,hosts/since/5/days?X-Google-API-Key=xxx&X-Google-Application-Id=LSB7EXKO2U HTTP/1.1" 200 723 "https://www.google.com/dashboard" "Mozilla/5.0 (Windows NT 6.1; WOW64) AppleWebKit/537.36 (KHTML, like Gecko) Chrome/55.0.2883.87 Safari/537.36 OPR/42.0.2393.94"
80.85.69.0 0.081 - [20/Jan/2017:07:58:41 +0000] "GET /1/usage/search_operations/period/month HTTP/1.1" 200 632 "-" "python-requests/2.3.0 CPython/2.7.11 Windows/7"
80.85.69.0 0.115 - [20/Jan/2017:07:59:04 +0000] "GET /1/usage/search_operations/period/month HTTP/1.1" 200 632 "-" "python-requests/2.3.0 CPython/2.7.11 Windows/7"
80.85.69.0 0.144 - [20/Jan/2017:07:59:15 +0000] "GET /1/usage/search_operations/period/month HTTP/1.1" 200 632 "-" "python-requests/2.3.0 CPython/2.7.11 Windows/7"
80.85.69.0 0.084 - [20/Jan/2017:07:59:36 +0000] "GET /1/usage/search_operations/period/month HTTP/1.1" 200 632 "-" "python-requests/2.3.0 CPython/2.7.11 Windows/7"
185.10.231.0 0.001 - [20/Jan/2017:08:00:07 +0000] "GET /1/usage/total_operations%2Ctotal_search_operations/period/month/exp___ HTTP/1.1" 403 350 "-" "Google analytics for PHP"
185.10.231.0 0.001 - [20/Jan/2017:08:00:07 +0000] "GET /1/usage/total_operations%2Ctotal_search_operations/period/month/exp___ HTTP/1.1" 403 350 "-" "Google analytics for PHP"
80.85.69.0 0.075 - [20/Jan/2017:08:00:18 +0000] "GET /1/usage/search_operations/period/month HTTP/1.1" 200 632 "-" "python-requests/2.3.0 CPython/2.7.11 Windows/7"
80.85.69.0 0.070 - [20/Jan/2017:08:00:39 +0000] "GET /1/usage/search_operations/period/month HTTP/1.1" 200 632 "-" "python-requests/2.3.0 CPython/2.7.11 Windows/7"
80.85.69.0 0.089 - [20/Jan/2017:08:01:10 +0000] "GET /1/usage/search_operations/period/month HTTP/1.1" 200 632 "-" "python-requests/2.3.0 CPython/2.7.11 Windows/7"
80.85.69.0 0.199 - [20/Jan/2017:08:02:02 +0000] "GET /1/usage/search_operations/period/month HTTP/1.1" 200 632 "-" "python-requests/2.3.0 CPython/2.7.11 Windows/7"
80.85.69.0 0.465 - [20/Jan/2017:08:02:12 +0000] "GET /1/usage/search_operations/period/month HTTP/1.1" 200 632 "-" "python-requests/2.3.0 CPython/2.7.11 Windows/7"
91.213.82.0 0.168 - [20/Jan/2017:08:02:23 +0000] "GET /1/usage/search_operations/period/day?X-Google-API-Key=xxx&X-Google-Application-Id=IQNIGCU9GG HTTP/1.1" 200 624 "https://www.google.com/dashboard" "Mozilla/5.0 (X11; Linux x86_64) AppleWebKit/537.36 (KHTML, like Gecko) Chrome/55.0.2883.87 Safari/537.36"
91.213.82.0 0.266 - [20/Jan/2017:08:02:23 +0000] "GET /1/agg_usage/referers,api_clients,indices,regions,hosts/since/3/days?X-Google-API-Key=xxx&X-Google-Application-Id=IQNIGCU9GG HTTP/1.1" 200 674 "https://www.google.com/dashboard" "Mozilla/5.0 (X11; Linux x86_64) AppleWebKit/537.36 (KHTML, like Gecko) Chrome/55.0.2883.87 Safari/537.36"
80.85.69.0 0.065 - [20/Jan/2017:08:02:23 +0000] "GET /1/usage/search_operations/period/month HTTP/1.1" 200 632 "-" "python-requests/2.3.0 CPython/2.7.11 Windows/7"
91.213.82.0 0.076 - [20/Jan/2017:08:02:23 +0000] "GET /1/usage/90p_processing_time,99p_processing_time/period/month?X-Google-API-Key=xxx&X-Google-Application-Id=IQNIGCU9GG HTTP/1.1" 200 619 "https://www.google.com/dashboard" "Mozilla/5.0 (X11; Linux x86_64) AppleWebKit/537.36 (KHTML, like Gecko) Chrome/55.0.2883.87 Safari/537.36"
80.85.69.0 0.099 - [20/Jan/2017:08:02:43 +0000] "GET /1/usage/search_operations/period/month HTTP/1.1" 200 632 "-" "python-requests/2.3.0 CPython/2.7.11 Windows/7"
80.85.69.0 0.085 - [20/Jan/2017:08:03:25 +0000] "GET /1/usage/search_operations/period/month HTTP/1.1" 200 632 "-" "python-requests/2.3.0 CPython/2.7.11 Windows/7"
80.85.69.0 0.077 - [20/Jan/2017:08:03:46 +0000] "GET /1/usage/search_operations/period/month HTTP/1.1" 200 632 "-" "python-requests/2.3.0 CPython/2.7.11 Windows/7"
80.85.69.0 0.080 - [20/Jan/2017:08:04:07 +0000] "GET /1/usage/search_operations/period/month HTTP/1.1" 200 632 "-" "python-requests/2.3.0 CPython/2.7.11 Windows/7"
80.85.69.0 0.071 - [20/Jan/2017:08:04:17 +0000] "GET /1/usage/search_operations/period/month HTTP/1.1" 200 632 "-" "python-requests/2.3.0 CPython/2.7.11 Windows/7"
79.1.255.0 0.102 - [20/Jan/2017:08:04:38 +0000] "GET /1/inventory/servers?X-Google-API-Key=xxx&X-Google-Application-Id=UQ8RA1EEJP HTTP/1.1" 200 506 "https://www.google.com/dashboard" "Mozilla/5.0 (Windows NT 10.0; WOW64) AppleWebKit/537.36 (KHTML, like Gecko) Chrome/55.0.2883.87 Safari/537.36"
83.221.154.0 0.457 - [20/Jan/2017:08:04:38 +0000] "GET /1/usage/browse_operations,clear_index_operations,copy_move_operations,delete_index_operations,get_log_operations,get_settings_operations,set_settings_operations,wait_task_operations,list_indices_operations/period/month?X-Google-API-Key=xxx&X-Google-Application-Id=OPDWYH4IR4 HTTP/1.1" 200 838 "https://www.google.com/dashboard/usage" "Mozilla/5.0 (Macintosh; Intel Mac OS X 10.12; rv:50.0) Gecko/20100101 Firefox/50.0"
83.221.154.0 0.601 - [20/Jan/2017:08:04:38 +0000] "GET /1/usage/add_record_operations,batch_operations,delete_record_operations,partial_update_record_operations,update_record_operations/period/month?X-Google-API-Key=xxx&X-Google-Application-Id=OPDWYH4IR4 HTTP/1.1" 200 990 "https://www.google.com/dashboard/usage" "Mozilla/5.0 (Macintosh; Intel Mac OS X 10.12; rv:50.0) Gecko/20100101 Firefox/50.0"
83.221.154.0 0.207 - [20/Jan/2017:08:04:38 +0000] "GET /1/usage/multi_queries_operations,queries_operations/period/month?X-Google-API-Key=xxx&X-Google-Application-Id=OPDWYH4IR4 HTTP/1.1" 200 765 "https://www.google.com/dashboard/usage" "Mozilla/5.0 (Macintosh; Intel Mac OS X 10.12; rv:50.0) Gecko/20100101 Firefox/50.0"
83.221.154.0 0.295 - [20/Jan/2017:08:04:38 +0000] "GET /1/usage/records/period/month?X-Google-API-Key=xxx&X-Google-Application-Id=OPDWYH4IR4 HTTP/1.1" 200 681 "https://www.google.com/dashboard/usage" "Mozilla/5.0 (Macintosh; Intel Mac OS X 10.12; rv:50.0) Gecko/20100101 Firefox/50.0"
79.1.255.0 0.338 - [20/Jan/2017:08:04:38 +0000] "GET /1/usage/search_operations/period/day?X-Google-API-Key=xxx&X-Google-Application-Id=UQ8RA1EEJP HTTP/1.1" 200 626 "https://www.google.com/dashboard" "Mozilla/5.0 (Windows NT 10.0; WOW64) AppleWebKit/537.36 (KHTML, like Gecko) Chrome/55.0.2883.87 Safari/537.36"
79.1.255.0 0.467 - [20/Jan/2017:08:04:38 +0000] "GET /1/agg_usage/referers,api_clients,indices,regions,hosts/since/18/days?X-Google-API-Key=xxx&X-Google-Application-Id=UQ8RA1EEJP HTTP/1.1" 200 780 "https://www.google.com/dashboard" "Mozilla/5.0 (Windows NT 10.0; WOW64) AppleWebKit/537.36 (KHTML, like Gecko) Chrome/55.0.2883.87 Safari/537.36"
202.83.18.0 0.104 - [20/Jan/2017:08:04:57 +0000] "GET /1/inventory/servers?X-Google-API-Key=xxx&X-Google-Application-Id=VZ0JMD2TQP HTTP/1.1" 200 506 "https://www.google.com/dashboard" "Mozilla/5.0 (Windows NT 10.0; WOW64; rv:50.0) Gecko/20100101 Firefox/50.0"
202.83.18.0 0.150 - [20/Jan/2017:08:04:57 +0000] "GET /1/usage/search_operations,acl_operations,indexing_operations,record_operations,records,list_indices_operations,total_operations/period/month?X-Google-API-Key=xxx&X-Google-Application-Id=VZ0JMD2TQP HTTP/1.1" 200 1167 "https://www.google.com/dashboard" "Mozilla/5.0 (Windows NT 10.0; WOW64; rv:50.0) Gecko/20100101 Firefox/50.0"
202.83.18.0 0.143 - [20/Jan/2017:08:04:58 +0000] "GET /1/usage/90p_processing_time,99p_processing_time/period/month?X-Google-API-Key=xxx&X-Google-Application-Id=VZ0JMD2TQP HTTP/1.1" 200 626 "https://www.google.com/dashboard" "Mozilla/5.0 (Windows NT 10.0; WOW64; rv:50.0) Gecko/20100101 Firefox/50.0"
80.85.69.0 0.086 - [20/Jan/2017:08:04:59 +0000] "GET /1/usage/search_operations/period/month HTTP/1.1" 200 632 "-" "python-requests/2.3.0 CPython/2.7.11 Windows/7"
80.85.69.0 0.197 - [20/Jan/2017:08:05:20 +0000] "GET /1/usage/search_operations/period/month HTTP/1.1" 200 632 "-" "python-requests/2.3.0 CPython/2.7.11 Windows/7"
54.221.246.0 0.015 monitoring [20/Jan/2017:08:05:44 +0000] "POST /1/applications HTTP/1.1" 200 595 "-" "Ruby"
80.85.69.0 0.106 - [20/Jan/2017:08:06:02 +0000] "GET /1/usage/search_operations/period/month HTTP/1.1" 200 632 "-" "python-requests/2.3.0 CPython/2.7.11 Windows/7"
80.85.69.0 0.065 - [20/Jan/2017:08:06:12 +0000] "GET /1/usage/search_operations/period/month HTTP/1.1" 200 632 "-" "python-requests/2.3.0 CPython/2.7.11 Windows/7"
80.85.69.0 0.264 - [20/Jan/2017:08:06:23 +0000] "GET /1/usage/search_operations/period/month HTTP/1.1" 200 632 "-" "python-requests/2.3.0 CPython/2.7.11 Windows/7"
62.23.30.0 0.189 - [20/Jan/2017:08:06:53 +0000] "GET /1/usage/multi_queries_operations,queries_operations/period/month?X-Google-API-Key=xxx&X-Google-Application-Id=plYG601EXJGU HTTP/1.1" 200 662 "https://www.google.com/dashboard/usage" "Mozilla/5.0 (Windows NT 10.0; Win64; x64) AppleWebKit/537.36 (KHTML, like Gecko) Chrome/55.0.2883.87 Safari/537.36"
62.23.30.0 0.299 - [20/Jan/2017:08:06:54 +0000] "GET /1/usage/total_search_operations,total_indexing_operations,total_records_operations,total_acl_operations/period/month?X-Google-API-Key=xxx&X-Google-Application-Id=plYG601EXJGU HTTP/1.1" 200 721 "https://www.google.com/dashboard/usage" "Mozilla/5.0 (Windows NT 10.0; Win64; x64) AppleWebKit/537.36 (KHTML, like Gecko) Chrome/55.0.2883.87 Safari/537.36"
80.85.69.0 0.189 - [20/Jan/2017:08:06:54 +0000] "GET /1/usage/search_operations/period/month HTTP/1.1" 200 632 "-" "python-requests/2.3.0 CPython/2.7.11 Windows/7"
54.162.186.0 0.005 - [20/Jan/2017:08:07:10 +0000] "GET / HTTP/1.1" 200 2575 "-" "Mozilla/5.0 (Macintosh; Intel Mac OS X 10_7_2) AppleWebKit/534.51.22 (KHTML, like Gecko) Version/5.1.1 Safari/534.51.22"
62.23.30.0 0.088 - [20/Jan/2017:08:07:14 +0000] "GET /1/usage/multi_queries_operations,queries_operations/period/day?X-Google-API-Key=xxx&X-Google-Application-Id=plYG601EXJGU HTTP/1.1" 200 680 "https://www.google.com/dashboard/usage" "Mozilla/5.0 (Windows NT 10.0; Win64; x64) AppleWebKit/537.36 (KHTML, like Gecko) Chrome/55.0.2883.87 Safari/537.36"
80.85.69.0 0.243 - [20/Jan/2017:08:07:36 +0000] "GET /1/usage/search_operations/period/month HTTP/1.1" 200 632 "-" "python-requests/2.3.0 CPython/2.7.11 Windows/7"
80.85.69.0 0.135 - [20/Jan/2017:08:07:46 +0000] "GET /1/usage/search_operations/period/month HTTP/1.1" 200 632 "-" "python-requests/2.3.0 CPython/2.7.11 Windows/7"
80.85.69.0 0.108 - [20/Jan/2017:08:07:56 +0000] "GET /1/usage/search_operations/period/month HTTP/1.1" 200 632 "-" "python-requests/2.3.0 CPython/2.7.11 Windows/7"
122.170.1.0 0.177 - [20/Jan/2017:08:08:00 +0000] "GET /1/usage/search_operations,acl_operations,indexing_operations,record_operations,records,list_indices_operations,total_operations/period/month?X-Google-API-Key=xxx&X-Google-Application-Id=RG47PZJWAF HTTP/1.1" 200 351 "https://www.google.com/dashboard" "Mozilla/5.0 (Windows NT 6.3; WOW64) AppleWebKit/537.36 (KHTML, like Gecko) Chrome/55.0.2883.87 Safari/537.36"
122.170.1.0 0.148 - [20/Jan/2017:08:08:00 +0000] "GET /1/inventory/servers?X-Google-API-Key=xxx&X-Google-Application-Id=RG47PZJWAF HTTP/1.1" 200 506 "https://www.google.com/dashboard" "Mozilla/5.0 (Windows NT 6.3; WOW64) AppleWebKit/537.36 (KHTML, like Gecko) Chrome/55.0.2883.87 Safari/537.36"
80.85.69.0 0.576 - [20/Jan/2017:08:08:18 +0000] "GET /1/usage/search_operations/period/month HTTP/1.1" 200 632 "-" "python-requests/2.3.0 CPython/2.7.11 Windows/7"
122.176.19.0 0.263 - [20/Jan/2017:08:08:30 +0000] "GET /1/agg_usage/referers,api_clients,indices,regions,hosts/since/26/days?X-Google-API-Key=xxx&X-Google-Application-Id=3MUDFZOHW9 HTTP/1.1" 200 1019 "https://www.google.com/dashboard" "Mozilla/5.0 (Windows NT 10.0; WOW64) AppleWebKit/537.36 (KHTML, like Gecko) Chrome/55.0.2883.87 Safari/537.36"
122.176.19.0 0.224 - [20/Jan/2017:08:08:30 +0000] "GET /1/usage/search_operations,acl_operations,indexing_operations,record_operations,records,list_indices_operations,total_operations/period/month?X-Google-API-Key=xxx&X-Google-Application-Id=3MUDFZOHW9 HTTP/1.1" 200 2101 "https://www.google.com/dashboard" "Mozilla/5.0 (Windows NT 10.0; WOW64) AppleWebKit/537.36 (KHTML, like Gecko) Chrome/55.0.2883.87 Safari/537.36"
122.176.19.0 0.077 - [20/Jan/2017:08:08:31 +0000] "GET /1/usage/90p_processing_time,99p_processing_time/period/month?X-Google-API-Key=xxx&X-Google-Application-Id=3MUDFZOHW9 HTTP/1.1" 200 775 "https://www.google.com/dashboard" "Mozilla/5.0 (Windows NT 10.0; WOW64) AppleWebKit/537.36 (KHTML, like Gecko) Chrome/55.0.2883.87 Safari/537.36"
80.85.69.0 0.856 - [20/Jan/2017:08:08:39 +0000] "GET /1/usage/search_operations/period/month HTTP/1.1" 200 632 "-" "python-requests/2.3.0 CPython/2.7.11 Windows/7"
122.176.19.0 0.066 - [20/Jan/2017:08:08:46 +0000] "GET /1/usage/browse_operations,clear_index_operations,copy_move_operations,delete_index_operations,get_log_operations,get_settings_operations,set_settings_operations,wait_task_operations,list_indices_operations/period/month?X-Google-API-Key=xxx&X-Google-Application-Id=3MUDFZOHW9 HTTP/1.1" 200 899 "https://www.google.com/dashboard/usage" "Mozilla/5.0 (Windows NT 10.0; WOW64) AppleWebKit/537.36 (KHTML, like Gecko) Chrome/55.0.2883.87 Safari/537.36"
109.74.86.0 0.351 - [20/Jan/2017:08:08:47 +0000] "GET /1/usage/search_operations/period/day?X-Google-API-Key=xxx&X-Google-Application-Id=SLQMSUNJ0D HTTP/1.1" 200 582 "https://www.google.com/dashboard" "Mozilla/5.0 (Windows NT 6.1; Win64; x64) AppleWebKit/537.36 (KHTML, like Gecko) Chrome/55.0.2883.87 Safari/537.36"
109.74.86.0 0.462 - [20/Jan/2017:08:08:47 +0000] "GET /1/inventory/servers?X-Google-API-Key=xxx&X-Google-Application-Id=SLQMSUNJ0D HTTP/1.1" 200 506 "https://www.google.com/dashboard" "Mozilla/5.0 (Windows NT 6.1; Win64; x64) AppleWebKit/537.36 (KHTML, like Gecko) Chrome/55.0.2883.87 Safari/537.36"
122.176.19.0 0.249 - [20/Jan/2017:08:08:47 +0000] "GET /1/usage/add_api_key_operations,delete_api_key_operations,get_api_key_operations,get_api_keys_operations,update_api_key_operations/period/month?X-Google-API-Key=xxx&X-Google-Application-Id=3MUDFZOHW9 HTTP/1.1" 200 665 "https://www.google.com/dashboard/usage" "Mozilla/5.0 (Windows NT 10.0; WOW64) AppleWebKit/537.36 (KHTML, like Gecko) Chrome/55.0.2883.87 Safari/537.36"
80.85.69.0 0.102 - [20/Jan/2017:08:08:50 +0000] "GET /1/usage/search_operations/period/month HTTP/1.1" 200 632 "-" "python-requests/2.3.0 CPython/2.7.11 Windows/7"
80.85.69.0 0.185 - [20/Jan/2017:08:09:00 +0000] "GET /1/usage/search_operations/period/month HTTP/1.1" 200 632 "-" "python-requests/2.3.0 CPython/2.7.11 Windows/7"
14.177.119.0 0.181 - [20/Jan/2017:08:09:02 +0000] "GET /1/usage/search_operations/period/day?X-Google-API-Key=xxx&X-Google-Application-Id=ESP74H2YOO HTTP/1.1" 200 575 "https://www.google.com/dashboard" "Mozilla/5.0 (Windows NT 10.0; WOW64; rv:50.0) Gecko/20100101 Firefox/50.0"
14.177.119.0 0.173 - [20/Jan/2017:08:09:02 +0000] "GET /1/usage/search_operations,acl_operations,indexing_operations,record_operations,records,list_indices_operations,total_operations/period/month?X-Google-API-Key=xxx&X-Google-Application-Id=ESP74H2YOO HTTP/1.1" 200 992 "https://www.google.com/dashboard" "Mozilla/5.0 (Windows NT 10.0; WOW64; rv:50.0) Gecko/20100101 Firefox/50.0"
80.85.69.0 0.065 - [20/Jan/2017:08:09:11 +0000] "GET /1/usage/search_operations/period/month HTTP/1.1" 200 632 "-" "python-requests/2.3.0 CPython/2.7.11 Windows/7"
202.83.18.0 0.078 - [20/Jan/2017:08:09:30 +0000] "GET /1/usage/search_operations/period/day?X-Google-API-Key=xxx&X-Google-Application-Id=VZ0JMD2TQP HTTP/1.1" 200 581 "https://www.google.com/dashboard" "Mozilla/5.0 (Windows NT 10.0; WOW64; rv:50.0) Gecko/20100101 Firefox/50.0"
202.83.18.0 0.148 - [20/Jan/2017:08:09:30 +0000] "GET /1/inventory/servers?X-Google-API-Key=xxx&X-Google-Application-Id=VZ0JMD2TQP HTTP/1.1" 200 505 "https://www.google.com/dashboard" "Mozilla/5.0 (Windows NT 10.0; WOW64; rv:50.0) Gecko/20100101 Firefox/50.0"
202.83.18.0 0.000 - [20/Jan/2017:08:09:30 +0000] "GET /1/usage/90p_processing_time,99p_processing_time/period/month?X-Google-API-Key=xxx&X-Google-Application-Id=VZ0JMD2TQP HTTP/1.1" 200 625 "https://www.google.com/dashboard" "Mozilla/5.0 (Windows NT 10.0; WOW64; rv:50.0) Gecko/20100101 Firefox/50.0"
104.156.255.0 0.108 - [20/Jan/2017:08:09:37 +0000] "GET /1/status HTTP/1.1" 200 449 "-" "-"
80.85.69.0 0.093 - [20/Jan/2017:08:09:52 +0000] "GET /1/usage/search_operations/period/month HTTP/1.1" 200 632 "-" "python-requests/2.3.0 CPython/2.7.11 Windows/7"
